Component: ARM Compiler 5.06 update 6 (build 750) Tool: armlink [4d35ed]

==============================================================================

Section Cross References

    esp8266.o(i.Check_OK) refers to strstr.o(.text) for strstr
    esp8266.o(i.Check_OK) refers to esp8266.o(.bss) for USART2_RX_BUF
    esp8266.o(i.Check_OK) refers to esp8266.o(.data) for ESP_OK_FLAG
    esp8266.o(i.Clear_Buf) refers to rt_memclr_w.o(.text) for __aeabi_memclr4
    esp8266.o(i.Clear_Buf) refers to esp8266.o(.bss) for USART2_RX_BUF
    esp8266.o(i.Clear_Buf) refers to esp8266.o(.data) for USART2_RX_CNT
    esp8266.o(i.ESP8266_Init) refers to esp8266.o(i.USART1_Init) for USART1_Init
    esp8266.o(i.ESP8266_Init) refers to esp8266.o(i.USART2_Init) for USART2_Init
    esp8266.o(i.ESP8266_Init) refers to esp8266.o(i.SysTick_Init) for SysTick_Init
    esp8266.o(i.ESP8266_Init) refers to esp8266.o(i.Delay_ms) for Delay_ms
    esp8266.o(i.ESP8266_Init) refers to esp8266.o(i.USART1_SendStr) for USART1_SendStr
    esp8266.o(i.ESP8266_Send_StateAndResult) refers to _printf_percent.o(.ARM.Collect$$_printf_percent$$00000000) for _printf_percent
    esp8266.o(i.ESP8266_Send_StateAndResult) refers to _printf_d.o(.ARM.Collect$$_printf_percent$$00000009) for _printf_d
    esp8266.o(i.ESP8266_Send_StateAndResult) refers to _printf_dec.o(.text) for _printf_int_dec
    esp8266.o(i.ESP8266_Send_StateAndResult) refers to _printf_c.o(.ARM.Collect$$_printf_percent$$00000013) for _printf_c
    esp8266.o(i.ESP8266_Send_StateAndResult) refers to _printf_str.o(.text) for _printf_str
    esp8266.o(i.ESP8266_Send_StateAndResult) refers to noretval__2sprintf.o(.text) for __2sprintf
    esp8266.o(i.ESP8266_Send_StateAndResult) refers to strlen.o(.text) for strlen
    esp8266.o(i.ESP8266_Send_StateAndResult) refers to esp8266.o(i.USART2_SendStr) for USART2_SendStr
    esp8266.o(i.ESP8266_Send_StateAndResult) refers to esp8266.o(i.Delay_ms) for Delay_ms
    esp8266.o(i.ESP8266_Send_StateAndResult) refers to esp8266.o(i.USART1_SendStr) for USART1_SendStr
    esp8266.o(i.ESP8266_Send_StateAndResult) refers to text1.o(.data) for g_SystemState
    esp8266.o(i.ESP8266_Send_StateAndResult) refers to esp8266.o(.data) for Current_Link_ID
    esp8266.o(i.ESP8266_Task) refers to _printf_pad.o(.text) for _printf_pre_padding
    esp8266.o(i.ESP8266_Task) refers to _printf_percent.o(.ARM.Collect$$_printf_percent$$00000000) for _printf_percent
    esp8266.o(i.ESP8266_Task) refers to _printf_x.o(.ARM.Collect$$_printf_percent$$0000000C) for _printf_x
    esp8266.o(i.ESP8266_Task) refers to _printf_hex_int.o(.text) for _printf_longlong_hex
    esp8266.o(i.ESP8266_Task) refers to esp8266.o(i.USART1_SendStr) for USART1_SendStr
    esp8266.o(i.ESP8266_Task) refers to esp8266.o(i.Clear_Buf) for Clear_Buf
    esp8266.o(i.ESP8266_Task) refers to esp8266.o(i.USART2_SendStr) for USART2_SendStr
    esp8266.o(i.ESP8266_Task) refers to strstr.o(.text) for strstr
    esp8266.o(i.ESP8266_Task) refers to esp8266.o(i.Delay_ms) for Delay_ms
    esp8266.o(i.ESP8266_Task) refers to strchr.o(.text) for strchr
    esp8266.o(i.ESP8266_Task) refers to noretval__2sprintf.o(.text) for __2sprintf
    esp8266.o(i.ESP8266_Task) refers to esp8266.o(i.Parse_RobotCmd) for Parse_RobotCmd
    esp8266.o(i.ESP8266_Task) refers to esp8266.o(i.USART1_SendFloat) for USART1_SendFloat
    esp8266.o(i.ESP8266_Task) refers to fflt_clz.o(x$fpl$fflt) for __aeabi_i2f
    esp8266.o(i.ESP8266_Task) refers to text1.o(i.System_SafeStop) for System_SafeStop
    esp8266.o(i.ESP8266_Task) refers to esp8266.o(.data) for AT_STEP
    esp8266.o(i.ESP8266_Task) refers to esp8266.o(.bss) for USART2_RX_BUF
    esp8266.o(i.ESP8266_Task) refers to text1.o(.data) for g_SystemState
    esp8266.o(i.MY_NVIC_Init) refers to esp8266.o(i.MY_NVIC_PriorityGroupConfig) for MY_NVIC_PriorityGroupConfig
    esp8266.o(i.Parse_One_Float) refers to fflt_clz.o(x$fpl$fflt) for __aeabi_i2f
    esp8266.o(i.Parse_One_Float) refers to fmul.o(x$fpl$fmul) for __aeabi_fmul
    esp8266.o(i.Parse_One_Float) refers to faddsub_clz.o(x$fpl$fadd) for __aeabi_fadd
    esp8266.o(i.Parse_RobotCmd) refers to esp8266.o(i.Parse_One_Float) for Parse_One_Float
    esp8266.o(i.Parse_RobotCmd) refers to esp8266.o(i.Parse_One_Int) for Parse_One_Int
    esp8266.o(i.SysTick_Handler) refers to esp8266.o(.data) for step_timeout
    esp8266.o(i.USART1_IRQHandler) refers to text1.o(i.System_SafeStop) for System_SafeStop
    esp8266.o(i.USART1_IRQHandler) refers to text1.o(.data) for g_SystemState
    esp8266.o(i.USART1_Init) refers to dflt_clz.o(x$fpl$dfltu) for __aeabi_ui2d
    esp8266.o(i.USART1_Init) refers to dmul.o(x$fpl$dmul) for __aeabi_dmul
    esp8266.o(i.USART1_Init) refers to ddiv.o(x$fpl$ddiv) for __aeabi_ddiv
    esp8266.o(i.USART1_Init) refers to d2f.o(x$fpl$d2f) for __aeabi_d2f
    esp8266.o(i.USART1_Init) refers to ffixu.o(x$fpl$ffixu) for __aeabi_f2uiz
    esp8266.o(i.USART1_Init) refers to fflt_clz.o(x$fpl$ffltu) for __aeabi_ui2f
[...]
    ../fplib/fdiv.s                          0x00000000   Number         0  fdiv.o ABSOLUTE
    ../fplib/feqf.s                          0x00000000   Number         0  feqf.o ABSOLUTE
    ../fplib/ffix.s                          0x00000000   Number         0  ffix.o ABSOLUTE
    ../fplib/ffixu.s                         0x00000000   Number         0  ffixu.o ABSOLUTE
    ../fplib/fflt.s                          0x00000000   Number         0  fflt_clz.o ABSOLUTE
    ../fplib/fleqf.s                         0x00000000   Number         0  fleqf.o ABSOLUTE
    ../fplib/fmul.s                          0x00000000   Number         0  fmul.o ABSOLUTE
    ../fplib/fnaninf.s                       0x00000000   Number         0  fnaninf.o ABSOLUTE
    ../fplib/fpinit.s                        0x00000000   Number         0  fpinit.o ABSOLUTE
    ../fplib/fretinf.s                       0x00000000   Number         0  fretinf.o ABSOLUTE
    ../fplib/frleqf.s                        0x00000000   Number         0  frleqf.o ABSOLUTE
    ../fplib/frnd.s                          0x00000000   Number         0  frnd.o ABSOLUTE
    ../fplib/fsqrt.s                         0x00000000   Number         0  fsqrt.o ABSOLUTE
    ../fplib/istatus.s                       0x00000000   Number         0  istatus.o ABSOLUTE
    ../fplib/printf1.s                       0x00000000   Number         0  printf1.o ABSOLUTE
    ../fplib/retnan.s                        0x00000000   Number         0  retnan.o ABSOLUTE
    ../fplib/scalbnf.s                       0x00000000   Number         0  scalbnf.o ABSOLUTE
    ../fplib/trapv.s                         0x00000000   Number         0  trapv.o ABSOLUTE
    ../fplib/usenofp.s                       0x00000000   Number         0  usenofp.o ABSOLUTE
    ../mathlib/acosf.c                       0x00000000   Number         0  acosf.o ABSOLUTE
    ../mathlib/acosf.c                       0x00000000   Number         0  acosf_x.o ABSOLUTE
    ../mathlib/atan2f.c                      0x00000000   Number         0  atan2f_x.o ABSOLUTE
    ../mathlib/atan2f.c                      0x00000000   Number         0  atan2f.o ABSOLUTE
    ../mathlib/cosf.c                        0x00000000   Number         0  cosf_x.o ABSOLUTE
    ../mathlib/cosf.c                        0x00000000   Number         0  cosf.o ABSOLUTE
    ../mathlib/fpclassify.c                  0x00000000   Number         0  fpclassify.o ABSOLUTE
    ../mathlib/fpclassifyf.c                 0x00000000   Number         0  fpclassifyf.o ABSOLUTE
    ../mathlib/funder.c                      0x00000000   Number         0  funder.o ABSOLUTE
    ../mathlib/rredf.c                       0x00000000   Number         0  rredf.o ABSOLUTE
    ../mathlib/sinf.c                        0x00000000   Number         0  sinf.o ABSOLUTE
    ../mathlib/sinf.c                        0x00000000   Number         0  sinf_x.o ABSOLUTE
    ../mathlib/sqrtf.c                       0x00000000   Number         0  sqrtf_x.o ABSOLUTE
    ../mathlib/sqrtf.c                       0x00000000   Number         0  sqrtf.o ABSOLUTE
    Driver\\motor\\motor.c                   0x00000000   Number         0  motor.o ABSOLUTE
    Driver\\pump_valve\\pump_valve.c         0x00000000   Number         0  pump_valve.o ABSOLUTE
    Driver\ik\ik.c                           0x00000000   Number         0  ik.o ABSOLUTE
    Driver\motor\motor.c                     0x00000000   Number         0  motor.o ABSOLUTE
    Driver\pump_valve\pump_valve.c           0x00000000   Number         0  pump_valve.o ABSOLUTE
    RTE\Device\STM32F103C8\startup_stm32f10x_md.s 0x00000000   Number         0  startup_stm32f10x_md.o ABSOLUTE
    RTE\Device\STM32F103C8\system_stm32f10x.c 0x00000000   Number         0  system_stm32f10x.o ABSOLUTE
    RTE\\Device\\STM32F103C8\\system_stm32f10x.c 0x00000000   Number         0  system_stm32f10x.o ABSOLUTE
    dc.s                                     0x00000000   Number         0  dc.o ABSOLUTE
    esp8266\\esp8266.c                       0x00000000   Number         0  esp8266.o ABSOLUTE
    esp8266\esp8266.c                        0x00000000   Number         0  esp8266.o ABSOLUTE
    text1.c                                  0x00000000   Number         0  text1.o ABSOLUTE
    text1.c                                  0x00000000   Number         0  text1.o ABSOLUTE
    RESET                                    0x08000000   Section      236  startup_stm32f10x_md.o(RESET)
    !!!main                                  0x080000ec   Section        8  __main.o(!!!main)
    !!!scatter                               0x080000f4   Section       52  __scatter.o(!!!scatter)
    !!handler_copy                           0x08000128   Section       26  __scatter_copy.o(!!handler_copy)
    !!handler_zi                             0x08000144   Section       28  __scatter_zi.o(!!handler_zi)
    .ARM.Collect$$_printf_percent$$00000000  0x08000160   Section        0  _printf_percent.o(.ARM.Collect$$_printf_percent$$00000000)
    .ARM.Collect$$_printf_percent$$00000003  0x08000160   Section        6  _printf_f.o(.ARM.Collect$$_printf_percent$$00000003)
    .ARM.Collect$$_printf_percent$$00000009  0x08000166   Section        6  _printf_d.o(.ARM.Collect$$_printf_percent$$00000009)
    .ARM.Collect$$_printf_percent$$0000000C  0x0800016c   Section        6  _printf_x.o(.ARM.Collect$$_printf_percent$$0000000C)
    .ARM.Collect$$_printf_percent$$00000013  0x08000172   Section        6  _printf_c.o(.ARM.Collect$$_printf_percent$$00000013)
    .ARM.Collect$$_printf_percent$$00000017  0x08000178   Section        4  _printf_percent_end.o(.ARM.Collect$$_printf_percent$$00000017)
    .ARM.Collect$$libinit$$00000000          0x0800017c   Section        2  libinit.o(.ARM.Collect$$libinit$$00000000)
    .ARM.Collect$$libinit$$00000002          0x0800017e   Section        0  libinit2.o(.ARM.Collect$$libinit$$00000002)
    .ARM.Collect$$libinit$$00000004          0x0800017e   Section        0  libinit2.o(.ARM.Collect$$libinit$$00000004)
    .ARM.Collect$$libinit$$0000000A          0x0800017e   Section        0  libinit2.o(.ARM.Collect$$libinit$$0000000A)
    .ARM.Collect$$libinit$$0000000C          0x0800017e   Section        0  libinit2.o(.ARM.Collect$$libinit$$0000000C)
    .ARM.Collect$$libinit$$0000000E          0x0800017e   Section        0  libinit2.o(.ARM.Collect$$libinit$$0000000E)
    .ARM.Collect$$libinit$$0000000F          0x0800017e   Section        6  libinit2.o(.ARM.Collect$$libinit$$0000000F)
    .ARM.Collect$$libinit$$00000011          0x08000184   Section        0  libinit2.o(.ARM.Collect$$libinit$$00000011)
    .ARM.Collect$$libinit$$00000013          0x08000184   Section        0  libinit2.o(.ARM.Collect$$libinit$$00000013)
    .ARM.Collect$$libinit$$00000015          0x08000184   Section        0  libinit2.o(.ARM.Collect$$libinit$$00000015)
    .ARM.Collect$$libinit$$00000016          0x08000184   Section       10  libinit2.o(.ARM.Collect$$libinit$$00000016)
    .ARM.Collect$$libinit$$00000017          0x0800018e   Section        0  libinit2.o(.ARM.Collect$$libinit$$00000017)
    .ARM.Collect$$libinit$$00000019          0x0800018e   Section        0  libinit2.o(.ARM.Collect$$libinit$$00000019)
    .ARM.Collect$$libinit$$0000001B          0x0800018e   Section        0  libinit2.o(.ARM.Collect$$libinit$$0000001B)
    .ARM.Collect$$libinit$$0000001D          0x0800018e   Section        0  libinit2.o(.ARM.Collect$$libinit$$0000001D)
    .ARM.Collect$$libinit$$0000001F          0x0800018e   Section        0  libinit2.o(.ARM.Collect$$libinit$$0000001F)
    .ARM.Collect$$libinit$$00000021          0x0800018e   Section        0  libinit2.o(.ARM.Collect$$libinit$$00000021)
    .ARM.Collect$$libinit$$00000023          0x0800018e   Section        0  libinit2.o(.ARM.Collect$$libinit$$00000023)
    .ARM.Collect$$libinit$$00000025          0x0800018e   Section        0  libinit2.o(.ARM.Collect$$libinit$$00000025)
    .ARM.Collect$$libinit$$0000002C          0x0800018e   Section        0  libinit2.o(.ARM.Collect$$libinit$$0000002C)
    .ARM.Collect$$libinit$$0000002E          0x0800018e   Section        0  libinit2.o(.ARM.Collect$$libinit$$0000002E)
    .ARM.Collect$$libinit$$00000030          0x0800018e   Section        0  libinit2.o(.ARM.Collect$$libinit$$00000030)
    .ARM.Collect$$libinit$$00000032          0x0800018e   Section        0  libinit2.o(.ARM.Collect$$libinit$$00000032)
    .ARM.Collect$$libinit$$00000033          0x0800018e   Section        2  libinit2.o(.ARM.Collect$$libinit$$00000033)
    .ARM.Collect$$libshutdown$$00000000      0x08000190   Section        2  libshutdown.o(.ARM.Collect$$libshutdown$$00000000)
    .ARM.Collect$$libshutdown$$00000002      0x08000192   Section        0  libshutdown2.o(.ARM.Collect$$libshutdown$$00000002)
    .ARM.Collect$$libshutdown$$00000004      0x08000192   Section        0  libshutdown2.o(.ARM.Collect$$libshutdown$$00000004)
    .ARM.Collect$$libshutdown$$00000007      0x08000192   Section        0  libshutdown2.o(.ARM.Collect$$libshutdown$$00000007)
    .ARM.Collect$$libshutdown$$0000000A      0x08000192   Section        0  libshutdown2.o(.ARM.Collect$$libshutdown$$0000000A)
    .ARM.Collect$$libshutdown$$0000000C      0x08000192   Section        0  libshutdown2.o(.ARM.Collect$$libshutdown$$0000000C)
    .ARM.Collect$$libshutdown$$0000000F      0x08000192   Section        0  libshutdown2.o(.ARM.Collect$$libshutdown$$0000000F)
    .ARM.Collect$$libshutdown$$00000010      0x08000192   Section        2  libshutdown2.o(.ARM.Collect$$libshutdown$$00000010)
    .ARM.Collect$$rtentry$$00000000          0x08000194   Section        0  __rtentry.o(.ARM.Collect$$rtentry$$00000000)
    .ARM.Collect$$rtentry$$00000002          0x08000194   Section        0  __rtentry2.o(.ARM.Collect$$rtentry$$00000002)
    .ARM.Collect$$rtentry$$00000004          0x08000194   Section        6  __rtentry4.o(.ARM.Collect$$rtentry$$00000004)
    .ARM.Collect$$rtentry$$00000009          0x0800019a   Section        0  __rtentry2.o(.ARM.Collect$$rtentry$$00000009)
    .ARM.Collect$$rtentry$$0000000A          0x0800019a   Section        4  __rtentry2.o(.ARM.Collect$$rtentry$$0000000A)
    .ARM.Collect$$rtentry$$0000000C          0x0800019e   Section        0  __rtentry2.o(.ARM.Collect$$rtentry$$0000000C)
    .ARM.Collect$$rtentry$$0000000D          0x0800019e   Section        8  __rtentry2.o(.ARM.Collect$$rtentry$$0000000D)
    .ARM.Collect$$rtexit$$00000000           0x080001a6   Section        2  rtexit.o(.ARM.Collect$$rtexit$$00000000)
    .ARM.Collect$$rtexit$$00000002           0x080001a8   Section        0  rtexit2.o(.ARM.Collect$$rtexit$$00000002)
    .ARM.Collect$$rtexit$$00000003           0x080001a8   Section        4  rtexit2.o(.ARM.Collect$$rtexit$$00000003)
    .ARM.Collect$$rtexit$$00000004           0x080001ac   Section        6  rtexit2.o(.ARM.Collect$$rtexit$$00000004)
    .text                                    0x080001b4   Section       64  startup_stm32f10x_md.o(.text)
    .text                                    0x080001f4   Section        0  noretval__2sprintf.o(.text)
    .text                                    0x0800021c   Section        0  _printf_pad.o(.text)
    .text                                    0x0800026a   Section        0  _printf_str.o(.text)
    .text                                    0x080002bc   Section        0  _printf_dec.o(.text)
    .text                                    0x08000334   Section        0  _printf_hex_int.o(.text)
    .text                                    0x0800038c   Section        0  __printf_flags_wp.o(.text)
    .text                                    0x080004c4   Section        0  strchr.o(.text)
    .text                                    0x080004d8   Section        0  strstr.o(.text)
    .text                                    0x080004fc   Section        0  strlen.o(.text)
    .text                                    0x0800053a   Section      100  rt_memcpy_w.o(.text)
    .text                                    0x0800059e   Section       78  rt_memclr_w.o(.text)
    .text                                    0x080005ec   Section        0  heapauxi.o(.text)
    .text                                    0x080005f2   Section        0  _rserrno.o(.text)
    .text                                    0x08000608   Section        0  _printf_intcommon.o(.text)
    .text                                    0x080006ba   Section        0  _printf_fp_dec.o(.text)
    _fp_digits                               0x080006bd   Thumb Code   432  _printf_fp_dec.o(.text)
    .text                                    0x08000ad8   Section        0  _printf_char_common.o(.text)
    _printf_input_char                       0x08000ad9   Thumb Code    10  _printf_char_common.o(.text)
    .text                                    0x08000b08   Section        0  _sputc.o(.text)
    .text                                    0x08000b12   Section        0  _printf_char.o(.text)
    .text                                    0x08000b40   Section        8  rt_locale_intlibspace.o(.text)
    .text                                    0x08000b48   Section        8  rt_errno_addr_intlibspace.o(.text)
    .text                                    0x08000b50   Section      138  lludiv10.o(.text)
    .text                                    0x08000bdc   Section        0  _printf_fp_infnan.o(.text)
    .text                                    0x08000c5c   Section        0  bigflt0.o(.text)
    .text                                    0x08000d40   Section        8  libspace.o(.text)
    .text                                    0x08000d48   Section       74  sys_stackheap_outer.o(.text)
    .text                                    0x08000d92   Section        0  exit.o(.text)
    .text                                    0x08000da4   Section      128  strcmpv7m.o(.text)
    .text                                    0x08000e24   Section        0  sys_exit.o(.text)
    .text                                    0x08000e30   Section        2  use_no_semi.o(.text)
    .text                                    0x08000e32   Section        0  indicate_semi.o(.text)
    CL$$btod_d2e                             0x08000e32   Section       62  btod.o(CL$$btod_d2e)
    CL$$btod_d2e_denorm_low                  0x08000e70   Section       70  btod.o(CL$$btod_d2e_denorm_low)
    CL$$btod_d2e_norm_op1                    0x08000eb6   Section       96  btod.o(CL$$btod_d2e_norm_op1)
    CL$$btod_div_common                      0x08000f16   Section      824  btod.o(CL$$btod_div_common)
    CL$$btod_e2e                             0x0800124e   Section      220  btod.o(CL$$btod_e2e)
    CL$$btod_ediv                            0x0800132a   Section       42  btod.o(CL$$btod_ediv)
    CL$$btod_emul                            0x08001354   Section       42  btod.o(CL$$btod_emul)
    CL$$btod_mult_common                     0x0800137e   Section      580  btod.o(CL$$btod_mult_common)
    i.Check_OK                               0x080015c4   Section        0  esp8266.o(i.Check_OK)
    i.Clear_Buf                              0x080015e4   Section        0  esp8266.o(i.Clear_Buf)
    i.Delay_ms                               0x08001610   Section        0  esp8266.o(i.Delay_ms)
    i.ESP8266_Init                           0x0800162c   Section        0  esp8266.o(i.ESP8266_Init)
    i.ESP8266_Send_StateAndResult            0x08001680   Section        0  esp8266.o(i.ESP8266_Send_StateAndResult)
    i.ESP8266_Task                           0x08001714   Section        0  esp8266.o(i.ESP8266_Task)
    i.Execute_Chess_Move                     0x08001c80   Section        0  text1.o(i.Execute_Chess_Move)
    i.MY_NVIC_Init                           0x08001d90   Section        0  esp8266.o(i.MY_NVIC_Init)
    i.MY_NVIC_PriorityGroupConfig            0x08001e08   Section        0  esp8266.o(i.MY_NVIC_PriorityGroupConfig)
    i.Motor_Abs_Int32                        0x08001e30   Section        0  motor.o(i.Motor_Abs_Int32)
    Motor_Abs_Int32                          0x08001e31   Thumb Code    14  motor.o(i.Motor_Abs_Int32)
    i.Motor_Angle_To_Pulse_With_Remain       0x08001e3e   Section        0  motor.o(i.Motor_Angle_To_Pulse_With_Remain)
    Motor_Angle_To_Pulse_With_Remain         0x08001e3f   Thumb Code    58  motor.o(i.Motor_Angle_To_Pulse_With_Remain)
    i.Motor_Calc_Trapezoid_ARR               0x08001e78   Section        0  motor.o(i.Motor_Calc_Trapezoid_ARR)
    Motor_Calc_Trapezoid_ARR                 0x08001e79   Thumb Code   120  motor.o(i.Motor_Calc_Trapezoid_ARR)
    i.Motor_Calc_Trapezoid_ARR_M3            0x08001ef0   Section        0  motor.o(i.Motor_Calc_Trapezoid_ARR_M3)
    Motor_Calc_Trapezoid_ARR_M3              0x08001ef1   Thumb Code   120  motor.o(i.Motor_Calc_Trapezoid_ARR_M3)
    i.Motor_GPIO_Init                        0x08001f68   Section        0  motor.o(i.Motor_GPIO_Init)
    i.Motor_InitAll                          0x08001fd8   Section        0  motor.o(i.Motor_InitAll)
    i.Motor_M1_Rotate                        0x08002000   Section        0  motor.o(i.Motor_M1_Rotate)
    i.Motor_M2_Rotate                        0x08002060   Section        0  motor.o(i.Motor_M2_Rotate)
    i.Motor_M3_RunPulse                      0x080020c0   Section        0  motor.o(i.Motor_M3_RunPulse)
    i.Motor_Round_To_Int                     0x080020f8   Section        0  motor.o(i.Motor_Round_To_Int)
    Motor_Round_To_Int                       0x080020f9   Thumb Code    50  motor.o(i.Motor_Round_To_Int)
    i.Motor_SendPulse                        0x0800212c   Section        0  motor.o(i.Motor_SendPulse)
    Motor_SendPulse                          0x0800212d   Thumb Code   616  motor.o(i.Motor_SendPulse)
    i.Motor_StopAll                          0x0800239c   Section        0  motor.o(i.Motor_StopAll)
    i.Motor_TIM_PWM_Init                     0x080023ec   Section        0  motor.o(i.Motor_TIM_PWM_Init)
    i.Parse_One_Float                        0x080024d4   Section        0  esp8266.o(i.Parse_One_Float)
    Parse_One_Float                          0x080024d5   Thumb Code   212  esp8266.o(i.Parse_One_Float)
    i.Parse_One_Int                          0x080025b4   Section        0  esp8266.o(i.Parse_One_Int)
    Parse_One_Int                            0x080025b5   Thumb Code    94  esp8266.o(i.Parse_One_Int)
    i.Parse_RobotCmd                         0x08002612   Section        0  esp8266.o(i.Parse_RobotCmd)
    Parse_RobotCmd                           0x08002613   Thumb Code   136  esp8266.o(i.Parse_RobotCmd)
    i.Pump_Off                               0x0800269a   Section        0  pump_valve.o(i.Pump_Off)
    i.Pump_On                                0x080026a4   Section        0  pump_valve.o(i.Pump_On)
    i.Pump_Valve_PWM_Init                    0x080026b0   Section        0  pump_valve.o(i.Pump_Valve_PWM_Init)
    i.SCARA_Calc_Movement                    0x0800276c   Section        0  ik.o(i.SCARA_Calc_Movement)
    i.SCARA_IK_Solve_Single                  0x08002830   Section        0  ik.o(i.SCARA_IK_Solve_Single)
    SCARA_IK_Solve_Single                    0x08002831   Thumb Code   268  ik.o(i.SCARA_IK_Solve_Single)
    i.SetSysClock                            0x08002940   Section        0  system_stm32f10x.o(i.SetSysClock)
    SetSysClock                              0x08002941   Thumb Code     8  system_stm32f10x.o(i.SetSysClock)
    i.SetSysClockTo72                        0x08002948   Section        0  system_stm32f10x.o(i.SetSysClockTo72)
    SetSysClockTo72                          0x08002949   Thumb Code   214  system_stm32f10x.o(i.SetSysClockTo72)
    i.SysTick_Handler                        0x08002a28   Section        0  esp8266.o(i.SysTick_Handler)
    i.SysTick_Init                           0x08002a40   Section        0  esp8266.o(i.SysTick_Init)
    i.SystemInit                             0x08002a58   Section        0  system_stm32f10x.o(i.SystemInit)
    i.System_SafeStop                        0x08002ab8   Section        0  text1.o(i.System_SafeStop)
    i.USART1_IRQHandler                      0x08002b40   Section        0  esp8266.o(i.USART1_IRQHandler)
    i.USART1_Init                            0x08002b78   Section        0  esp8266.o(i.USART1_Init)
    i.USART1_SendFloat                       0x08002c54   Section        0  esp8266.o(i.USART1_SendFloat)
    i.USART1_SendStr                         0x08002c80   Section        0  esp8266.o(i.USART1_SendStr)
    i.USART2_IRQHandler                      0x08002ca8   Section        0  esp8266.o(i.USART2_IRQHandler)
    i.USART2_Init                            0x08002d14   Section        0  esp8266.o(i.USART2_Init)
    i.USART2_SendStr                         0x08002df0   Section        0  esp8266.o(i.USART2_SendStr)
    i.Valve_Off                              0x08002e18   Section        0  pump_valve.o(i.Valve_Off)
    i.Valve_On                               0x08002e22   Section        0  pump_valve.o(i.Valve_On)
    i.__ARM_fpclassify                       0x08002e2c   Section        0  fpclassify.o(i.__ARM_fpclassify)
    i.__ARM_fpclassifyf                      0x08002e54   Section        0  fpclassifyf.o(i.__ARM_fpclassifyf)
    i.__mathlib_flt_infnan                   0x08002e7a   Section        0  funder.o(i.__mathlib_flt_infnan)
    i.__mathlib_flt_infnan2                  0x08002e80   Section        0  funder.o(i.__mathlib_flt_infnan2)
    i.__mathlib_flt_invalid                  0x08002e84   Section        0  funder.o(i.__mathlib_flt_invalid)
    i.__mathlib_flt_underflow                0x08002e8c   Section        0  funder.o(i.__mathlib_flt_underflow)
    i.__mathlib_rredf2                       0x08002e98   Section        0  rredf.o(i.__mathlib_rredf2)
    i._is_digit                              0x08003000   Section        0  __printf_wp.o(i._is_digit)
    i.acosf                                  0x08003010   Section        0  acosf.o(i.acosf)
    i.atan2f                                 0x0800312c   Section        0  atan2f.o(i.atan2f)
    i.cosf                                   0x08003388   Section        0  cosf.o(i.cosf)
    i.main                                   0x08003504   Section        0  text1.o(i.main)
    i.sinf                                   0x080037b0   Section        0  sinf.o(i.sinf)
    i.sport1                                 0x08003938   Section        0  text1.o(i.sport1)
    i.sport2                                 0x08003a24   Section        0  text1.o(i.sport2)
    i.sport3                                 0x08003adc   Section        0  text1.o(i.sport3)
    i.sqrtf                                  0x08003b4c   Section        0  sqrtf.o(i.sqrtf)
    locale$$code                             0x08003b78   Section       44  lc_numeric_c.o(locale$$code)
    x$fpl$d2f                                0x08003ba4   Section       98  d2f.o(x$fpl$d2f)
    x$fpl$ddiv                               0x08003c08   Section      688  ddiv.o(x$fpl$ddiv)
    ddiv_entry                               0x08003c0f   Thumb Code     0  ddiv.o(x$fpl$ddiv)
    x$fpl$dfltu                              0x08003eb8   Section       38  dflt_clz.o(x$fpl$dfltu)
    x$fpl$dmul                               0x08003ee0   Section      340  dmul.o(x$fpl$dmul)
    x$fpl$dnaninf                            0x08004034   Section      156  dnaninf.o(x$fpl$dnaninf)
    x$fpl$dretinf                            0x080040d0   Section       12  dretinf.o(x$fpl$dretinf)
    x$fpl$f2d                                0x080040dc   Section       86  f2d.o(x$fpl$f2d)
    x$fpl$fadd                               0x08004134   Section      196  faddsub_clz.o(x$fpl$fadd)
    _fadd1                                   0x08004143   Thumb Code     0  faddsub_clz.o(x$fpl$fadd)
    x$fpl$fcheck1                            0x080041f8   Section       12  fcheck1.o(x$fpl$fcheck1)
    x$fpl$fcmpinf                            0x08004204   Section       24  fcmpi.o(x$fpl$fcmpinf)
    x$fpl$fdiv                               0x0800421c   Section      388  fdiv.o(x$fpl$fdiv)
    _fdiv1                                   0x0800421d   Thumb Code     0  fdiv.o(x$fpl$fdiv)
    x$fpl$feqf                               0x080043a0   Section      104  feqf.o(x$fpl$feqf)
    x$fpl$ffix                               0x08004408   Section       54  ffix.o(x$fpl$ffix)
    x$fpl$ffixu                              0x08004440   Section       62  ffixu.o(x$fpl$ffixu)
    x$fpl$fflt                               0x08004480   Section       48  fflt_clz.o(x$fpl$fflt)
    x$fpl$ffltu                              0x080044b0   Section       38  fflt_clz.o(x$fpl$ffltu)
    x$fpl$fleqf                              0x080044d8   Section      104  fleqf.o(x$fpl$fleqf)
    x$fpl$fmul                               0x08004540   Section      258  fmul.o(x$fpl$fmul)
    x$fpl$fnaninf                            0x08004642   Section      140  fnaninf.o(x$fpl$fnaninf)
    x$fpl$fretinf                            0x080046ce   Section       10  fretinf.o(x$fpl$fretinf)
    x$fpl$frleqf                             0x080046d8   Section       98  frleqf.o(x$fpl$frleqf)
    x$fpl$frnd                               0x0800473c   Section       96  frnd.o(x$fpl$frnd)
    x$fpl$frsb                               0x0800479c   Section       20  faddsub_clz.o(x$fpl$frsb)
    x$fpl$fsqrt                              0x080047b0   Section      272  fsqrt.o(x$fpl$fsqrt)
    x$fpl$fsub                               0x080048c0   Section      234  faddsub_clz.o(x$fpl$fsub)
    _fsub1                                   0x080048cf   Thumb Code     0  faddsub_clz.o(x$fpl$fsub)
    x$fpl$printf1                            0x080049aa   Section        4  printf1.o(x$fpl$printf1)
    x$fpl$retnan                             0x080049ae   Section      100  retnan.o(x$fpl$retnan)
    x$fpl$scalbnf                            0x08004a12   Section       76  scalbnf.o(x$fpl$scalbnf)
    x$fpl$trapveneer                         0x08004a5e   Section       48  trapv.o(x$fpl$trapveneer)
    x$fpl$usenofp                            0x08004a8e   Section        0  usenofp.o(x$fpl$usenofp)
    .constdata                               0x08004a90   Section       96  text1.o(.constdata)
    .constdata                               0x08004af0   Section       40  _printf_hex_int.o(.constdata)
    uc_hextab                                0x08004af0   Data          20  _printf_hex_int.o(.constdata)
    lc_hextab                                0x08004b04   Data          20  _printf_hex_int.o(.constdata)
    .constdata                               0x08004b18   Section       17  __printf_flags_wp.o(.constdata)
    maptable                                 0x08004b18   Data          17  __printf_flags_wp.o(.constdata)
    .constdata                               0x08004b2c   Section       32  rredf.o(.constdata)
    twooverpi                                0x08004b2c   Data          32  rredf.o(.constdata)
    .constdata                               0x08004b4c   Section      148  bigflt0.o(.constdata)
    tenpwrs_x                                0x08004b4c   Data          60  bigflt0.o(.constdata)
    tenpwrs_i                                0x08004b88   Data          64  bigflt0.o(.constdata)
    locale$$data                             0x08004c00   Section       28  lc_numeric_c.o(locale$$data)
    __lcnum_c_name                           0x08004c04   Data           2  lc_numeric_c.o(locale$$data)
    __lcnum_c_start                          0x08004c0c   Data           0  lc_numeric_c.o(locale$$data)
    __lcnum_c_point                          0x08004c18   Data           0  lc_numeric_c.o(locale$$data)
    __lcnum_c_thousands                      0x08004c1a   Data           0  lc_numeric_c.o(locale$$data)
    __lcnum_c_grouping                       0x08004c1b   Data           0  lc_numeric_c.o(locale$$data)
    __lcnum_c_end                            0x08004c1c   Data           0  lc_numeric_c.o(locale$$data)
    .data                                    0x20000000   Section        8  esp8266.o(.data)
    .data                                    0x20000008   Section        1  text1.o(.data)
    .data                                    0x2000000c   Section       12  motor.o(.data)
    m1_pulse_remain                          0x2000000c   Data           4  motor.o(.data)
    m2_pulse_remain                          0x20000010   Data           4  motor.o(.data)
    m3_pulse_remain                          0x20000014   Data           4  motor.o(.data)
    .bss                                     0x20000018   Section      536  esp8266.o(.bss)
    .bss                                     0x20000230   Section       96  libspace.o(.bss)
    HEAP                                     0x20000290   Section      512  startup_stm32f10x_md.o(HEAP)
    Heap_Mem                                 0x20000290   Data         512  startup_stm32f10x_md.o(HEAP)
    STACK                                    0x20000490   Section     1024  startup_stm32f10x_md.o(STACK)
    Stack_Mem                                0x20000490   Data        1024  startup_stm32f10x_md.o(STACK)
    __initial_sp                             0x20000890   Data           0  startup_stm32f10x_md.o(STACK)

    Global Symbols

    Symbol Name                              Value     Ov Type        Size  Object(Section)

    BuildAttributes$$THM_ISAv4$P$D$K$B$S$PE$A:L22UL41UL21$X:L11$S22US41US21$IEEE1$IW$USESV6$~STKCKD$USESV7$~SHL$OTIME$ROPI$IEEEX$EBA8$UX$STANDARDLIB$REQ8$PRES8$EABIv2 0x00000000   Number         0  anon$$obj.o ABSOLUTE
    __ARM_use_no_argv                        0x00000000   Number         0  text1.o ABSOLUTE
    _printf_flags                            0x00000000   Number         0  printf_stubs.o ABSOLUTE
    _printf_return_value                     0x00000000   Number         0  printf_stubs.o ABSOLUTE
    _printf_sizespec                         0x00000000   Number         0  printf_stubs.o ABSOLUTE
    _printf_widthprec                        0x00000000   Number         0  printf_stubs.o ABSOLUTE
    __ARM_exceptions_init                     - Undefined Weak Reference
    __alloca_initialize                       - Undefined Weak Reference
    __arm_preinit_                            - Undefined Weak Reference
    __cpp_initialize__aeabi_                  - Undefined Weak Reference
    __cxa_finalize                            - Undefined Weak Reference
    __sigvec_lookup                           - Undefined Weak Reference
    _atexit_init                              - Undefined Weak Reference
    _call_atexit_fns                          - Undefined Weak Reference
    _clock_init                               - Undefined Weak Reference
    _fp_trap_init                             - Undefined Weak Reference
    _fp_trap_shutdown                         - Undefined Weak Reference
    _get_lc_collate                           - Undefined Weak Reference
    _get_lc_ctype                             - Undefined Weak Reference
    _get_lc_monetary                          - Undefined Weak Reference
    _get_lc_time                              - Undefined Weak Reference
    _getenv_init                              - Undefined Weak Reference
    _handle_redirection                       - Undefined Weak Reference
    _init_alloc                               - Undefined Weak Reference
    _init_user_alloc                          - Undefined Weak Reference
    _initio                                   - Undefined Weak Reference
    _printf_mbtowc                            - Undefined Weak Reference
    _printf_truncate_signed                   - Undefined Weak Reference
    _printf_truncate_unsigned                 - Undefined Weak Reference
    _rand_init                                - Undefined Weak Reference
    _signal_finish                            - Undefined Weak Reference
    _signal_init                              - Undefined Weak Reference
    _terminate_alloc                          - Undefined Weak Reference
    _terminate_user_alloc                     - Undefined Weak Reference
    _terminateio                              - Undefined Weak Reference
    __Vectors_Size                           0x000000ec   Number         0  startup_stm32f10x_md.o ABSOLUTE
    __Vectors                                0x08000000   Data           4  startup_stm32f10x_md.o(RESET)
    __Vectors_End                            0x080000ec   Data           0  startup_stm32f10x_md.o(RESET)
    __main                                   0x080000ed   Thumb Code     8  __main.o(!!!main)
    __scatterload                            0x080000f5   Thumb Code     0  __scatter.o(!!!scatter)
    __scatterload_rt2                        0x080000f5   Thumb Code    44  __scatter.o(!!!scatter)
    __scatterload_rt2_thumb_only             0x080000f5   Thumb Code     0  __scatter.o(!!!scatter)
    __scatterload_null                       0x08000103   Thumb Code     0  __scatter.o(!!!scatter)
    __scatterload_copy                       0x08000129   Thumb Code    26  __scatter_copy.o(!!handler_copy)
    __scatterload_zeroinit                   0x08000145   Thumb Code    28  __scatter_zi.o(!!handler_zi)
    _printf_f                                0x08000161   Thumb Code     0  _printf_f.o(.ARM.Collect$$_printf_percent$$00000003)
    _printf_percent                          0x08000161   Thumb Code     0  _printf_percent.o(.ARM.Collect$$_printf_percent$$00000000)
    _printf_d                                0x08000167   Thumb Code     0  _printf_d.o(.ARM.Collect$$_printf_percent$$00000009)
    _printf_x                                0x0800016d   Thumb Code     0  _printf_x.o(.ARM.Collect$$_printf_percent$$0000000C)
    _printf_c                                0x08000173   Thumb Code     0  _printf_c.o(.ARM.Collect$$_printf_percent$$00000013)
    _printf_percent_end                      0x08000179   Thumb Code     0  _printf_percent_end.o(.ARM.Collect$$_printf_percent$$00000017)
    __rt_lib_init                            0x0800017d   Thumb Code     0  libinit.o(.ARM.Collect$$libinit$$00000000)
    __rt_lib_init_fp_1                       0x0800017f   Thumb Code     0  libinit2.o(.ARM.Collect$$libinit$$00000002)
    __rt_lib_init_heap_1                     0x0800017f   Thumb Code     0  libinit2.o(.ARM.Collect$$libinit$$0000000A)
    __rt_lib_init_lc_common                  0x0800017f   Thumb Code     0  libinit2.o(.ARM.Collect$$libinit$$0000000F)
    __rt_lib_init_preinit_1                  0x0800017f   Thumb Code     0  libinit2.o(.ARM.Collect$$libinit$$00000004)
    __rt_lib_init_rand_1                     0x0800017f   Thumb Code     0  libinit2.o(.ARM.Collect$$libinit$$0000000E)
    __rt_lib_init_user_alloc_1               0x0800017f   Thumb Code     0  libinit2.o(.ARM.Collect$$libinit$$0000000C)
    __rt_lib_init_lc_collate_1               0x08000185   Thumb Code     0  libinit2.o(.ARM.Collect$$libinit$$00000011)
    __rt_lib_init_lc_ctype_1                 0x08000185   Thumb Code     0  libinit2.o(.ARM.Collect$$libinit$$00000013)
    __rt_lib_init_lc_monetary_1              0x08000185   Thumb Code     0  libinit2.o(.ARM.Collect$$libinit$$00000015)
    __rt_lib_init_lc_numeric_2               0x08000185   Thumb Code     0  libinit2.o(.ARM.Collect$$libinit$$00000016)
    __rt_lib_init_alloca_1                   0x0800018f   Thumb Code     0  libinit2.o(.ARM.Collect$$libinit$$0000002E)
    __rt_lib_init_argv_1                     0x0800018f   Thumb Code     0  libinit2.o(.ARM.Collect$$libinit$$0000002C)
    __rt_lib_init_atexit_1                   0x0800018f   Thumb Code     0  libinit2.o(.ARM.Collect$$libinit$$0000001B)
    __rt_lib_init_clock_1                    0x0800018f   Thumb Code     0  libinit2.o(.ARM.Collect$$libinit$$00000021)
    __rt_lib_init_cpp_1                      0x0800018f   Thumb Code     0  libinit2.o(.ARM.Collect$$libinit$$00000032)
    __rt_lib_init_exceptions_1               0x0800018f   Thumb Code     0  libinit2.o(.ARM.Collect$$libinit$$00000030)
    __rt_lib_init_fp_trap_1                  0x0800018f   Thumb Code     0  libinit2.o(.ARM.Collect$$libinit$$0000001F)
    __rt_lib_init_getenv_1                   0x0800018f   Thumb Code     0  libinit2.o(.ARM.Collect$$libinit$$00000023)
    __rt_lib_init_lc_numeric_1               0x0800018f   Thumb Code     0  libinit2.o(.ARM.Collect$$libinit$$00000017)
    __rt_lib_init_lc_time_1                  0x0800018f   Thumb Code     0  libinit2.o(.ARM.Collect$$libinit$$00000019)
    __rt_lib_init_return                     0x0800018f   Thumb Code     0  libinit2.o(.ARM.Collect$$libinit$$00000033)
    __rt_lib_init_signal_1                   0x0800018f   Thumb Code     0  libinit2.o(.ARM.Collect$$libinit$$0000001D)
    __rt_lib_init_stdio_1                    0x0800018f   Thumb Code     0  libinit2.o(.ARM.Collect$$libinit$$00000025)
    __rt_lib_shutdown                        0x08000191   Thumb Code     0  libshutdown.o(.ARM.Collect$$libshutdown$$00000000)
    __rt_lib_shutdown_cpp_1                  0x08000193   Thumb Code     0  libshutdown2.o(.ARM.Collect$$libshutdown$$00000002)
    __rt_lib_shutdown_fp_trap_1              0x08000193   Thumb Code     0  libshutdown2.o(.ARM.Collect$$libshutdown$$00000007)
    __rt_lib_shutdown_heap_1                 0x08000193   Thumb Code     0  libshutdown2.o(.ARM.Collect$$libshutdown$$0000000F)
    __rt_lib_shutdown_return                 0x08000193   Thumb Code     0  libshutdown2.o(.ARM.Collect$$libshutdown$$00000010)
    __rt_lib_shutdown_signal_1               0x08000193   Thumb Code     0  libshutdown2.o(.ARM.Collect$$libshutdown$$0000000A)
    __rt_lib_shutdown_stdio_1                0x08000193   Thumb Code     0  libshutdown2.o(.ARM.Collect$$libshutdown$$00000004)
    __rt_lib_shutdown_user_alloc_1           0x08000193   Thumb Code     0  libshutdown2.o(.ARM.Collect$$libshutdown$$0000000C)
    __rt_entry                               0x08000195   Thumb Code     0  __rtentry.o(.ARM.Collect$$rtentry$$00000000)
    __rt_entry_presh_1                       0x08000195   Thumb Code     0  __rtentry2.o(.ARM.Collect$$rtentry$$00000002)
    __rt_entry_sh                            0x08000195   Thumb Code     0  __rtentry4.o(.ARM.Collect$$rtentry$$00000004)
    __rt_entry_li                            0x0800019b   Thumb Code     0  __rtentry2.o(.ARM.Collect$$rtentry$$0000000A)
    __rt_entry_postsh_1                      0x0800019b   Thumb Code     0  __rtentry2.o(.ARM.Collect$$rtentry$$00000009)
    __rt_entry_main                          0x0800019f   Thumb Code     0  __rtentry2.o(.ARM.Collect$$rtentry$$0000000D)
    __rt_entry_postli_1                      0x0800019f   Thumb Code     0  __rtentry2.o(.ARM.Collect$$rtentry$$0000000C)
    __rt_exit                                0x080001a7   Thumb Code     0  rtexit.o(.ARM.Collect$$rtexit$$00000000)
    __rt_exit_ls                             0x080001a9   Thumb Code     0  rtexit2.o(.ARM.Collect$$rtexit$$00000003)
    __rt_exit_prels_1                        0x080001a9   Thumb Code     0  rtexit2.o(.ARM.Collect$$rtexit$$00000002)
    __rt_exit_exit                           0x080001ad   Thumb Code     0  rtexit2.o(.ARM.Collect$$rtexit$$00000004)
    Reset_Handler                            0x080001b5   Thumb Code     8  startup_stm32f10x_md.o(.text)
    NMI_Handler                              0x080001bd   Thumb Code     2  startup_stm32f10x_md.o(.text)
    HardFault_Handler                        0x080001bf   Thumb Code     2  startup_stm32f10x_md.o(.text)
    MemManage_Handler                        0x080001c1   Thumb Code     2  startup_stm32f10x_md.o(.text)
    BusFault_Handler                         0x080001c3   Thumb Code     2  startup_stm32f10x_md.o(.text)
    UsageFault_Handler                       0x080001c5   Thumb Code     2  startup_stm32f10x_md.o(.text)
    SVC_Handler                              0x080001c7   Thumb Code     2  startup_stm32f10x_md.o(.text)
    DebugMon_Handler                         0x080001c9   Thumb Code     2  startup_stm32f10x_md.o(.text)
    PendSV_Handler                           0x080001cb   Thumb Code     2  startup_stm32f10x_md.o(.text)
    ADC1_2_IRQHandler                        0x080001cf   Thumb Code     0  startup_stm32f10x_md.o(.text)
    CAN1_RX1_IRQHandler                      0x080001cf   Thumb Code     0  startup_stm32f10x_md.o(.text)
    CAN1_SCE_IRQHandler                      0x080001cf   Thumb Code     0  startup_stm32f10x_md.o(.text)
    DMA1_Channel1_IRQHandler                 0x080001cf   Thumb Code     0  startup_stm32f10x_md.o(.text)
    DMA1_Channel2_IRQHandler                 0x080001cf   Thumb Code     0  startup_stm32f10x_md.o(.text)
    DMA1_Channel3_IRQHandler                 0x080001cf   Thumb Code     0  startup_stm32f10x_md.o(.text)
    DMA1_Channel4_IRQHandler                 0x080001cf   Thumb Code     0  startup_stm32f10x_md.o(.text)
    DMA1_Channel5_IRQHandler                 0x080001cf   Thumb Code     0  startup_stm32f10x_md.o(.text)
    DMA1_Channel6_IRQHandler                 0x080001cf   Thumb Code     0  startup_stm32f10x_md.o(.text)
    DMA1_Channel7_IRQHandler                 0x080001cf   Thumb Code     0  startup_stm32f10x_md.o(.text)
    EXTI0_IRQHandler                         0x080001cf   Thumb Code     0  startup_stm32f10x_md.o(.text)
    EXTI15_10_IRQHandler                     0x080001cf   Thumb Code     0  startup_stm32f10x_md.o(.text)
    EXTI1_IRQHandler                         0x080001cf   Thumb Code     0  startup_stm32f10x_md.o(.text)
    EXTI2_IRQHandler                         0x080001cf   Thumb Code     0  startup_stm32f10x_md.o(.text)
    EXTI3_IRQHandler                         0x080001cf   Thumb Code     0  startup_stm32f10x_md.o(.text)
    EXTI4_IRQHandler                         0x080001cf   Thumb Code     0  startup_stm32f10x_md.o(.text)
    EXTI9_5_IRQHandler                       0x080001cf   Thumb Code     0  startup_stm32f10x_md.o(.text)
    FLASH_IRQHandler                         0x080001cf   Thumb Code     0  startup_stm32f10x_md.o(.text)
    I2C1_ER_IRQHandler                       0x080001cf   Thumb Code     0  startup_stm32f10x_md.o(.text)
    I2C1_EV_IRQHandler                       0x080001cf   Thumb Code     0  startup_stm32f10x_md.o(.text)
    I2C2_ER_IRQHandler                       0x080001cf   Thumb Code     0  startup_stm32f10x_md.o(.text)
    I2C2_EV_IRQHandler                       0x080001cf   Thumb Code     0  startup_stm32f10x_md.o(.text)
    PVD_IRQHandler                           0x080001cf   Thumb Code     0  startup_stm32f10x_md.o(.text)
    RCC_IRQHandler                           0x080001cf   Thumb Code     0  startup_stm32f10x_md.o(.text)
    RTCAlarm_IRQHandler                      0x080001cf   Thumb Code     0  startup_stm32f10x_md.o(.text)
    RTC_IRQHandler                           0x080001cf   Thumb Code     0  startup_stm32f10x_md.o(.text)
    SPI1_IRQHandler                          0x080001cf   Thumb Code     0  startup_stm32f10x_md.o(.text)
    SPI2_IRQHandler                          0x080001cf   Thumb Code     0  startup_stm32f10x_md.o(.text)
    TAMPER_IRQHandler                        0x080001cf   Thumb Code     0  startup_stm32f10x_md.o(.text)
    TIM1_BRK_IRQHandler                      0x080001cf   Thumb Code     0  startup_stm32f10x_md.o(.text)
    TIM1_CC_IRQHandler                       0x080001cf   Thumb Code     0  startup_stm32f10x_md.o(.text)
    TIM1_TRG_COM_IRQHandler                  0x080001cf   Thumb Code     0  startup_stm32f10x_md.o(.text)
    TIM1_UP_IRQHandler                       0x080001cf   Thumb Code     0  startup_stm32f10x_md.o(.text)
    TIM2_IRQHandler                          0x080001cf   Thumb Code     0  startup_stm32f10x_md.o(.text)
    TIM3_IRQHandler                          0x080001cf   Thumb Code     0  startup_stm32f10x_md.o(.text)
    TIM4_IRQHandler                          0x080001cf   Thumb Code     0  startup_stm32f10x_md.o(.text)
    USART3_IRQHandler                        0x080001cf   Thumb Code     0  startup_stm32f10x_md.o(.text)
    USBWakeUp_IRQHandler                     0x080001cf   Thumb Code     0  startup_stm32f10x_md.o(.text)
    USB_HP_CAN1_TX_IRQHandler                0x080001cf   Thumb Code     0  startup_stm32f10x_md.o(.text)
    USB_LP_CAN1_RX0_IRQHandler               0x080001cf   Thumb Code     0  startup_stm32f10x_md.o(.text)
    WWDG_IRQHandler                          0x080001cf   Thumb Code     0  startup_stm32f10x_md.o(.text)
    __user_initial_stackheap                 0x080001d1   Thumb Code     0  startup_stm32f10x_md.o(.text)
    __2sprintf                               0x080001f5   Thumb Code    34  noretval__2sprintf.o(.text)
    _printf_pre_padding                      0x0800021d   Thumb Code    44  _printf_pad.o(.text)
    _printf_post_padding                     0x08000249   Thumb Code    34  _printf_pad.o(.text)
    _printf_str                              0x0800026b   Thumb Code    82  _printf_str.o(.text)
    _printf_int_dec                          0x080002bd   Thumb Code   104  _printf_dec.o(.text)
    _printf_int_hex                          0x08000335   Thumb Code    84  _printf_hex_int.o(.text)
    _printf_longlong_hex                     0x08000335   Thumb Code     0  _printf_hex_int.o(.text)
    __printf                                 0x0800038d   Thumb Code   308  __printf_flags_wp.o(.text)
    strchr                                   0x080004c5   Thumb Code    20  strchr.o(.text)
    strstr                                   0x080004d9   Thumb Code    36  strstr.o(.text)
    strlen                                   0x080004fd   Thumb Code    62  strlen.o(.text)
    __aeabi_memcpy4                          0x0800053b   Thumb Code     0  rt_memcpy_w.o(.text)
    __aeabi_memcpy8                          0x0800053b   Thumb Code     0  rt_memcpy_w.o(.text)
    __rt_memcpy_w                            0x0800053b   Thumb Code   100  rt_memcpy_w.o(.text)
    _memcpy_lastbytes_aligned                0x08000583   Thumb Code     0  rt_memcpy_w.o(.text)
    __aeabi_memclr4                          0x0800059f   Thumb Code     0  rt_memclr_w.o(.text)
    __aeabi_memclr8                          0x0800059f   Thumb Code     0  rt_memclr_w.o(.text)
    __rt_memclr_w                            0x0800059f   Thumb Code    78  rt_memclr_w.o(.text)
    _memset_w                                0x080005a3   Thumb Code     0  rt_memclr_w.o(.text)
    __use_two_region_memory                  0x080005ed   Thumb Code     2  heapauxi.o(.text)
    __rt_heap_escrow$2region                 0x080005ef   Thumb Code     2  heapauxi.o(.text)
    __rt_heap_expand$2region                 0x080005f1   Thumb Code     2  heapauxi.o(.text)
    __read_errno                             0x080005f3   Thumb Code    10  _rserrno.o(.text)
    __set_errno                              0x080005fd   Thumb Code    12  _rserrno.o(.text)
    _printf_int_common                       0x08000609   Thumb Code   178  _printf_intcommon.o(.text)
    __lib_sel_fp_printf                      0x080006bb   Thumb Code     2  _printf_fp_dec.o(.text)
    _printf_fp_dec_real                      0x0800086d   Thumb Code   620  _printf_fp_dec.o(.text)
    _printf_char_common                      0x08000ae3   Thumb Code    32  _printf_char_common.o(.text)
    _sputc                                   0x08000b09   Thumb Code    10  _sputc.o(.text)
    _printf_cs_common                        0x08000b13   Thumb Code    20  _printf_char.o(.text)
    _printf_char                             0x08000b27   Thumb Code    16  _printf_char.o(.text)
    _printf_string                           0x08000b37   Thumb Code     8  _printf_char.o(.text)
    __rt_locale                              0x08000b41   Thumb Code     8  rt_locale_intlibspace.o(.text)
    __aeabi_errno_addr                       0x08000b49   Thumb Code     8  rt_errno_addr_intlibspace.o(.text)
    __errno$intlibspace                      0x08000b49   Thumb Code     0  rt_errno_addr_intlibspace.o(.text)
    __rt_errno_addr$intlibspace              0x08000b49   Thumb Code     0  rt_errno_addr_intlibspace.o(.text)
    _ll_udiv10                               0x08000b51   Thumb Code   138  lludiv10.o(.text)
    _printf_fp_infnan                        0x08000bdd   Thumb Code   112  _printf_fp_infnan.o(.text)
    _btod_etento                             0x08000c5d   Thumb Code   224  bigflt0.o(.text)
    __user_libspace                          0x08000d41   Thumb Code     8  libspace.o(.text)
    __user_perproc_libspace                  0x08000d41   Thumb Code     0  libspace.o(.text)
    __user_perthread_libspace                0x08000d41   Thumb Code     0  libspace.o(.text)
    __user_setup_stackheap                   0x08000d49   Thumb Code    74  sys_stackheap_outer.o(.text)
    exit                                     0x08000d93   Thumb Code    18  exit.o(.text)
    strcmp                                   0x08000da5   Thumb Code   128  strcmpv7m.o(.text)
    _sys_exit                                0x08000e25   Thumb Code     8  sys_exit.o(.text)
    __I$use$semihosting                      0x08000e31   Thumb Code     0  use_no_semi.o(.text)
    __use_no_semihosting_swi                 0x08000e31   Thumb Code     2  use_no_semi.o(.text)
    __semihosting_library_function           0x08000e33   Thumb Code     0  indicate_semi.o(.text)
    _btod_d2e                                0x08000e33   Thumb Code    62  btod.o(CL$$btod_d2e)
    _d2e_denorm_low                          0x08000e71   Thumb Code    70  btod.o(CL$$btod_d2e_denorm_low)
    _d2e_norm_op1                            0x08000eb7   Thumb Code    96  btod.o(CL$$btod_d2e_norm_op1)
    __btod_div_common                        0x08000f17   Thumb Code   696  btod.o(CL$$btod_div_common)
    _e2e                                     0x0800124f   Thumb Code   220  btod.o(CL$$btod_e2e)
    _btod_ediv                               0x0800132b   Thumb Code    42  btod.o(CL$$btod_ediv)
    _btod_emul                               0x08001355   Thumb Code    42  btod.o(CL$$btod_emul)
    __btod_mult_common                       0x0800137f   Thumb Code   580  btod.o(CL$$btod_mult_common)
    Check_OK                                 0x080015c5   Thumb Code    20  esp8266.o(i.Check_OK)
    Clear_Buf                                0x080015e5   Thumb Code    28  esp8266.o(i.Clear_Buf)
    Delay_ms                                 0x08001611   Thumb Code    28  esp8266.o(i.Delay_ms)
    ESP8266_Init                             0x0800162d   Thumb Code    42  esp8266.o(i.ESP8266_Init)
    ESP8266_Send_StateAndResult              0x08001681   Thumb Code    76  esp8266.o(i.ESP8266_Send_StateAndResult)
    ESP8266_Task                             0x08001715   Thumb Code   764  esp8266.o(i.ESP8266_Task)
    Execute_Chess_Move                       0x08001c81   Thumb Code   226  text1.o(i.Execute_Chess_Move)
    MY_NVIC_Init                             0x08001d91   Thumb Code   116  esp8266.o(i.MY_NVIC_Init)
    MY_NVIC_PriorityGroupConfig              0x08001e09   Thumb Code    32  esp8266.o(i.MY_NVIC_PriorityGroupConfig)
    Motor_GPIO_Init                          0x08001f69   Thumb Code    92  motor.o(i.Motor_GPIO_Init)
    Motor_InitAll                            0x08001fd9   Thumb Code    26  motor.o(i.Motor_InitAll)
    Motor_M1_Rotate                          0x08002001   Thumb Code    78  motor.o(i.Motor_M1_Rotate)
    Motor_M2_Rotate                          0x08002061   Thumb Code    78  motor.o(i.Motor_M2_Rotate)
    Motor_M3_RunPulse                        0x080020c1   Thumb Code    46  motor.o(i.Motor_M3_RunPulse)
    Motor_StopAll                            0x0800239d   Thumb Code    66  motor.o(i.Motor_StopAll)
    Motor_TIM_PWM_Init                       0x080023ed   Thumb Code   218  motor.o(i.Motor_TIM_PWM_Init)
    Pump_Off                                 0x0800269b   Thumb Code    10  pump_valve.o(i.Pump_Off)
    Pump_On                                  0x080026a5   Thumb Code    10  pump_valve.o(i.Pump_On)
    Pump_Valve_PWM_Init                      0x080026b1   Thumb Code   180  pump_valve.o(i.Pump_Valve_PWM_Init)
    SCARA_Calc_Movement                      0x0800276d   Thumb Code   186  ik.o(i.SCARA_Calc_Movement)
    SysTick_Handler                          0x08002a29   Thumb Code    18  esp8266.o(i.SysTick_Handler)
    SysTick_Init                             0x08002a41   Thumb Code    18  esp8266.o(i.SysTick_Init)
    SystemInit                               0x08002a59   Thumb Code    78  system_stm32f10x.o(i.SystemInit)
    System_SafeStop                          0x08002ab9   Thumb Code    54  text1.o(i.System_SafeStop)
    USART1_IRQHandler                        0x08002b41   Thumb Code    48  esp8266.o(i.USART1_IRQHandler)
    USART1_Init                              0x08002b79   Thumb Code   202  esp8266.o(i.USART1_Init)
    USART1_SendFloat                         0x08002c55   Thumb Code    36  esp8266.o(i.USART1_SendFloat)
    USART1_SendStr                           0x08002c81   Thumb Code    34  esp8266.o(i.USART1_SendStr)
    USART2_IRQHandler                        0x08002ca9   Thumb Code    90  esp8266.o(i.USART2_IRQHandler)
    USART2_Init                              0x08002d15   Thumb Code   202  esp8266.o(i.USART2_Init)
    USART2_SendStr                           0x08002df1   Thumb Code    34  esp8266.o(i.USART2_SendStr)
    Valve_Off                                0x08002e19   Thumb Code    10  pump_valve.o(i.Valve_Off)
    Valve_On                                 0x08002e23   Thumb Code    10  pump_valve.o(i.Valve_On)
    __ARM_fpclassify                         0x08002e2d   Thumb Code    40  fpclassify.o(i.__ARM_fpclassify)
    __ARM_fpclassifyf                        0x08002e55   Thumb Code    38  fpclassifyf.o(i.__ARM_fpclassifyf)
    __mathlib_flt_infnan                     0x08002e7b   Thumb Code     6  funder.o(i.__mathlib_flt_infnan)
    __mathlib_flt_infnan2                    0x08002e81   Thumb Code     4  funder.o(i.__mathlib_flt_infnan2)
    __mathlib_flt_invalid                    0x08002e85   Thumb Code     8  funder.o(i.__mathlib_flt_invalid)
    __mathlib_flt_underflow                  0x08002e8d   Thumb Code    10  funder.o(i.__mathlib_flt_underflow)
    __mathlib_rredf2                         0x08002e99   Thumb Code   344  rredf.o(i.__mathlib_rredf2)
    _is_digit                                0x08003001   Thumb Code    14  __printf_wp.o(i._is_digit)
    acosf                                    0x08003011   Thumb Code   242  acosf.o(i.acosf)
    atan2f                                   0x0800312d   Thumb Code   528  atan2f.o(i.atan2f)
    cosf                                     0x08003389   Thumb Code   328  cosf.o(i.cosf)
    main                                     0x08003505   Thumb Code   442  text1.o(i.main)
    sinf                                     0x080037b1   Thumb Code   338  sinf.o(i.sinf)
    sport1                                   0x08003939   Thumb Code   122  text1.o(i.sport1)
    sport2                                   0x08003a25   Thumb Code    98  text1.o(i.sport2)
    sport3                                   0x08003add   Thumb Code    54  text1.o(i.sport3)
    sqrtf                                    0x08003b4d   Thumb Code    44  sqrtf.o(i.sqrtf)
    _get_lc_numeric                          0x08003b79   Thumb Code    44  lc_numeric_c.o(locale$$code)
    __aeabi_d2f                              0x08003ba5   Thumb Code     0  d2f.o(x$fpl$d2f)
    _d2f                                     0x08003ba5   Thumb Code    98  d2f.o(x$fpl$d2f)
    __aeabi_ddiv                             0x08003c09   Thumb Code     0  ddiv.o(x$fpl$ddiv)
    _ddiv                                    0x08003c09   Thumb Code   552  ddiv.o(x$fpl$ddiv)
    __aeabi_ui2d                             0x08003eb9   Thumb Code     0  dflt_clz.o(x$fpl$dfltu)
    _dfltu                                   0x08003eb9   Thumb Code    38  dflt_clz.o(x$fpl$dfltu)
    __aeabi_dmul                             0x08003ee1   Thumb Code     0  dmul.o(x$fpl$dmul)
    _dmul                                    0x08003ee1   Thumb Code   332  dmul.o(x$fpl$dmul)
    __fpl_dnaninf                            0x08004035   Thumb Code   156  dnaninf.o(x$fpl$dnaninf)
    __fpl_dretinf                            0x080040d1   Thumb Code    12  dretinf.o(x$fpl$dretinf)
    __aeabi_f2d                              0x080040dd   Thumb Code     0  f2d.o(x$fpl$f2d)
    _f2d                                     0x080040dd   Thumb Code    86  f2d.o(x$fpl$f2d)
    __aeabi_fadd                             0x08004135   Thumb Code     0  faddsub_clz.o(x$fpl$fadd)
    _fadd                                    0x08004135   Thumb Code   196  faddsub_clz.o(x$fpl$fadd)
    __fpl_fcheck_NaN1                        0x080041f9   Thumb Code     6  fcheck1.o(x$fpl$fcheck1)
    __fpl_fcmp_Inf                           0x08004205   Thumb Code    24  fcmpi.o(x$fpl$fcmpinf)
    __aeabi_fdiv                             0x0800421d   Thumb Code     0  fdiv.o(x$fpl$fdiv)
    _fdiv                                    0x0800421d   Thumb Code   384  fdiv.o(x$fpl$fdiv)
    __aeabi_cfcmpeq                          0x080043a1   Thumb Code     0  feqf.o(x$fpl$feqf)
    _fcmpeq                                  0x080043a1   Thumb Code   104  feqf.o(x$fpl$feqf)
    __aeabi_f2iz                             0x08004409   Thumb Code     0  ffix.o(x$fpl$ffix)
    _ffix                                    0x08004409   Thumb Code    54  ffix.o(x$fpl$ffix)
    __aeabi_f2uiz                            0x08004441   Thumb Code     0  ffixu.o(x$fpl$ffixu)
    _ffixu                                   0x08004441   Thumb Code    62  ffixu.o(x$fpl$ffixu)
    __aeabi_i2f                              0x08004481   Thumb Code     0  fflt_clz.o(x$fpl$fflt)
    _fflt                                    0x08004481   Thumb Code    48  fflt_clz.o(x$fpl$fflt)
    __aeabi_ui2f                             0x080044b1   Thumb Code     0  fflt_clz.o(x$fpl$ffltu)
    _ffltu                                   0x080044b1   Thumb Code    38  fflt_clz.o(x$fpl$ffltu)
    __aeabi_cfcmple                          0x080044d9   Thumb Code     0  fleqf.o(x$fpl$fleqf)
    _fcmple                                  0x080044d9   Thumb Code   104  fleqf.o(x$fpl$fleqf)
    __fpl_fcmple_InfNaN                      0x0800452b   Thumb Code     0  fleqf.o(x$fpl$fleqf)
    __aeabi_fmul                             0x08004541   Thumb Code     0  fmul.o(x$fpl$fmul)
    _fmul                                    0x08004541   Thumb Code   258  fmul.o(x$fpl$fmul)
    __fpl_fnaninf                            0x08004643   Thumb Code   140  fnaninf.o(x$fpl$fnaninf)
    __fpl_fretinf                            0x080046cf   Thumb Code    10  fretinf.o(x$fpl$fretinf)
    __aeabi_cfrcmple                         0x080046d9   Thumb Code     0  frleqf.o(x$fpl$frleqf)
    _frcmple                                 0x080046d9   Thumb Code    98  frleqf.o(x$fpl$frleqf)
    _frnd                                    0x0800473d   Thumb Code    96  frnd.o(x$fpl$frnd)
    __aeabi_frsub                            0x0800479d   Thumb Code     0  faddsub_clz.o(x$fpl$frsb)
    _frsb                                    0x0800479d   Thumb Code    20  faddsub_clz.o(x$fpl$frsb)
    _fsqrt                                   0x080047b1   Thumb Code   272  fsqrt.o(x$fpl$fsqrt)
    __aeabi_fsub                             0x080048c1   Thumb Code     0  faddsub_clz.o(x$fpl$fsub)
    _fsub                                    0x080048c1   Thumb Code   234  faddsub_clz.o(x$fpl$fsub)
    _printf_fp_dec                           0x080049ab   Thumb Code     4  printf1.o(x$fpl$printf1)
    __fpl_return_NaN                         0x080049af   Thumb Code   100  retnan.o(x$fpl$retnan)
    __ARM_scalbnf                            0x08004a13   Thumb Code    76  scalbnf.o(x$fpl$scalbnf)
    __fpl_cmpreturn                          0x08004a5f   Thumb Code    48  trapv.o(x$fpl$trapveneer)
    __I$use$fp                               0x08004a8e   Number         0  usenofp.o(x$fpl$usenofp)
    Region$$Table$$Base                      0x08004be0   Number         0  anon$$obj.o(Region$$Table)
    Region$$Table$$Limit                     0x08004c00   Number         0  anon$$obj.o(Region$$Table)
    Current_Link_ID                          0x20000000   Data           1  esp8266.o(.data)
    USART2_RX_CNT                            0x20000001   Data           1  esp8266.o(.data)
    AT_STEP                                  0x20000002   Data           1  esp8266.o(.data)
    ESP_OK_FLAG                              0x20000003   Data           1  esp8266.o(.data)
    step_timeout                             0x20000004   Data           4  esp8266.o(.data)
    g_SystemState                            0x20000008   Data           1  text1.o(.data)
    g_RobotCmd                               0x20000018   Data          24  esp8266.o(.bss)
    USART2_RX_BUF                            0x20000030   Data         512  esp8266.o(.bss)
    __libspace_start                         0x20000230   Data          96  libspace.o(.bss)
    __temporary_stack_top$libspace           0x20000290   Data           0  libspace.o(.bss)



==============================================================================

Memory Map of the image

  Image Entry point : 0x080001b5

  Load Region LR_1 (Base: 0x08000000, Size: 0x00004c34, Max: 0xffffffff, ABSOLUTE)

    Execution Region ER_RO (Exec base: 0x08000000, Load base: 0x08000000, Size: 0x00004c1c, Max: 0xffffffff, ABSOLUTE)

    Exec Addr    Load Addr    Size         Type   Attr      Idx    E Section Name        Object

    0x08000000   0x08000000   0x000000ec   Data   RO          461    RESET               startup_stm32f10x_md.o
    0x080000ec   0x080000ec   0x00000008   Code   RO          584  * !!!main             c_w.l(__main.o)
    0x080000f4   0x080000f4   0x00000034   Code   RO          936    !!!scatter          c_w.l(__scatter.o)
    0x08000128   0x08000128   0x0000001a   Code   RO          938    !!handler_copy      c_w.l(__scatter_copy.o)
    0x08000142   0x08000142   0x00000002   PAD
    0x08000144   0x08000144   0x0000001c   Code   RO          940    !!handler_zi        c_w.l(__scatter_zi.o)
    0x08000160   0x08000160   0x00000000   Code   RO          571    .ARM.Collect$$_printf_percent$$00000000  c_w.l(_printf_percent.o)
    0x08000160   0x08000160   0x00000006   Code   RO          570    .ARM.Collect$$_printf_percent$$00000003  c_w.l(_printf_f.o)
    0x08000166   0x08000166   0x00000006   Code   RO          569    .ARM.Collect$$_printf_percent$$00000009  c_w.l(_printf_d.o)
    0x0800016c   0x0800016c   0x00000006   Code   RO          568    .ARM.Collect$$_printf_percent$$0000000C  c_w.l(_printf_x.o)
    0x08000172   0x08000172   0x00000006   Code   RO          567    .ARM.Collect$$_printf_percent$$00000013  c_w.l(_printf_c.o)
    0x08000178   0x08000178   0x00000004   Code   RO          681    .ARM.Collect$$_printf_percent$$00000017  c_w.l(_printf_percent_end.o)
    0x0800017c   0x0800017c   0x00000002   Code   RO          805    .ARM.Collect$$libinit$$00000000  c_w.l(libinit.o)
    0x0800017e   0x0800017e   0x00000000   Code   RO          807    .ARM.Collect$$libinit$$00000002  c_w.l(libinit2.o)
    0x0800017e   0x0800017e   0x00000000   Code   RO          809    .ARM.Collect$$libinit$$00000004  c_w.l(libinit2.o)
    0x0800017e   0x0800017e   0x00000000   Code   RO          812    .ARM.Collect$$libinit$$0000000A  c_w.l(libinit2.o)
    0x0800017e   0x0800017e   0x00000000   Code   RO          814    .ARM.Collect$$libinit$$0000000C  c_w.l(libinit2.o)
    0x0800017e   0x0800017e   0x00000000   Code   RO          816    .ARM.Collect$$libinit$$0000000E  c_w.l(libinit2.o)
    0x0800017e   0x0800017e   0x00000006   Code   RO          817    .ARM.Collect$$libinit$$0000000F  c_w.l(libinit2.o)
    0x08000184   0x08000184   0x00000000   Code   RO          819    .ARM.Collect$$libinit$$00000011  c_w.l(libinit2.o)
    0x08000184   0x08000184   0x00000000   Code   RO          821    .ARM.Collect$$libinit$$00000013  c_w.l(libinit2.o)
    0x08000184   0x08000184   0x00000000   Code   RO          823    .ARM.Collect$$libinit$$00000015  c_w.l(libinit2.o)
    0x08000184   0x08000184   0x0000000a   Code   RO          824    .ARM.Collect$$libinit$$00000016  c_w.l(libinit2.o)
    0x0800018e   0x0800018e   0x00000000   Code   RO          825    .ARM.Collect$$libinit$$00000017  c_w.l(libinit2.o)
    0x0800018e   0x0800018e   0x00000000   Code   RO          827    .ARM.Collect$$libinit$$00000019  c_w.l(libinit2.o)
    0x0800018e   0x0800018e   0x00000000   Code   RO          829    .ARM.Collect$$libinit$$0000001B  c_w.l(libinit2.o)
    0x0800018e   0x0800018e   0x00000000   Code   RO          831    .ARM.Collect$$libinit$$0000001D  c_w.l(libinit2.o)
    0x0800018e   0x0800018e   0x00000000   Code   RO          833    .ARM.Collect$$libinit$$0000001F  c_w.l(libinit2.o)
    0x0800018e   0x0800018e   0x00000000   Code   RO          835    .ARM.Collect$$libinit$$00000021  c_w.l(libinit2.o)
    0x0800018e   0x0800018e   0x00000000   Code   RO          837    .ARM.Collect$$libinit$$00000023  c_w.l(libinit2.o)
    0x0800018e   0x0800018e   0x00000000   Code   RO          839    .ARM.Collect$$libinit$$00000025  c_w.l(libinit2.o)
    0x0800018e   0x0800018e   0x00000000   Code   RO          843    .ARM.Collect$$libinit$$0000002C  c_w.l(libinit2.o)
    0x0800018e   0x0800018e   0x00000000   Code   RO          845    .ARM.Collect$$libinit$$0000002E  c_w.l(libinit2.o)
    0x0800018e   0x0800018e   0x00000000   Code   RO          847    .ARM.Collect$$libinit$$00000030  c_w.l(libinit2.o)
    0x0800018e   0x0800018e   0x00000000   Code   RO          849    .ARM.Collect$$libinit$$00000032  c_w.l(libinit2.o)
    0x0800018e   0x0800018e   0x00000002   Code   RO          850    .ARM.Collect$$libinit$$00000033  c_w.l(libinit2.o)
    0x08000190   0x08000190   0x00000002   Code   RO          884    .ARM.Collect$$libshutdown$$00000000  c_w.l(libshutdown.o)
    0x08000192   0x08000192   0x00000000   Code   RO          895    .ARM.Collect$$libshutdown$$00000002  c_w.l(libshutdown2.o)
    0x08000192   0x08000192   0x00000000   Code   RO          897    .ARM.Collect$$libshutdown$$00000004  c_w.l(libshutdown2.o)
    0x08000192   0x08000192   0x00000000   Code   RO          900    .ARM.Collect$$libshutdown$$00000007  c_w.l(libshutdown2.o)
    0x08000192   0x08000192   0x00000000   Code   RO          903    .ARM.Collect$$libshutdown$$0000000A  c_w.l(libshutdown2.o)
    0x08000192   0x08000192   0x00000000   Code   RO          905    .ARM.Collect$$libshutdown$$0000000C  c_w.l(libshutdown2.o)
    0x08000192   0x08000192   0x00000000   Code   RO          908    .ARM.Collect$$libshutdown$$0000000F  c_w.l(libshutdown2.o)
    0x08000192   0x08000192   0x00000002   Code   RO          909    .ARM.Collect$$libshutdown$$00000010  c_w.l(libshutdown2.o)
    0x08000194   0x08000194   0x00000000   Code   RO          668    .ARM.Collect$$rtentry$$00000000  c_w.l(__rtentry.o)
    0x08000194   0x08000194   0x00000000   Code   RO          725    .ARM.Collect$$rtentry$$00000002  c_w.l(__rtentry2.o)
    0x08000194   0x08000194   0x00000006   Code   RO          737    .ARM.Collect$$rtentry$$00000004  c_w.l(__rtentry4.o)
    0x0800019a   0x0800019a   0x00000000   Code   RO          727    .ARM.Collect$$rtentry$$00000009  c_w.l(__rtentry2.o)
    0x0800019a   0x0800019a   0x00000004   Code   RO          728    .ARM.Collect$$rtentry$$0000000A  c_w.l(__rtentry2.o)
    0x0800019e   0x0800019e   0x00000000   Code   RO          730    .ARM.Collect$$rtentry$$0000000C  c_w.l(__rtentry2.o)
    0x0800019e   0x0800019e   0x00000008   Code   RO          731    .ARM.Collect$$rtentry$$0000000D  c_w.l(__rtentry2.o)
    0x080001a6   0x080001a6   0x00000002   Code   RO          853    .ARM.Collect$$rtexit$$00000000  c_w.l(rtexit.o)
    0x080001a8   0x080001a8   0x00000000   Code   RO          862    .ARM.Collect$$rtexit$$00000002  c_w.l(rtexit2.o)
    0x080001a8   0x080001a8   0x00000004   Code   RO          863    .ARM.Collect$$rtexit$$00000003  c_w.l(rtexit2.o)
    0x080001ac   0x080001ac   0x00000006   Code   RO          864    .ARM.Collect$$rtexit$$00000004  c_w.l(rtexit2.o)
    0x080001b2   0x080001b2   0x00000002   PAD
    0x080001b4   0x080001b4   0x00000040   Code   RO          462  * .text               startup_stm32f10x_md.o
    0x080001f4   0x080001f4   0x00000028   Code   RO          516    .text               c_w.l(noretval__2sprintf.o)
    0x0800021c   0x0800021c   0x0000004e   Code   RO          520    .text               c_w.l(_printf_pad.o)
    0x0800026a   0x0800026a   0x00000052   Code   RO          522    .text               c_w.l(_printf_str.o)
    0x080002bc   0x080002bc   0x00000078   Code   RO          524    .text               c_w.l(_printf_dec.o)
    0x08000334   0x08000334   0x00000058   Code   RO          529    .text               c_w.l(_printf_hex_int.o)
    0x0800038c   0x0800038c   0x00000138   Code   RO          559    .text               c_w.l(__printf_flags_wp.o)
    0x080004c4   0x080004c4   0x00000014   Code   RO          572    .text               c_w.l(strchr.o)
    0x080004d8   0x080004d8   0x00000024   Code   RO          574    .text               c_w.l(strstr.o)
    0x080004fc   0x080004fc   0x0000003e   Code   RO          576    .text               c_w.l(strlen.o)
    0x0800053a   0x0800053a   0x00000064   Code   RO          578    .text               c_w.l(rt_memcpy_w.o)
    0x0800059e   0x0800059e   0x0000004e   Code   RO          580    .text               c_w.l(rt_memclr_w.o)
    0x080005ec   0x080005ec   0x00000006   Code   RO          582    .text               c_w.l(heapauxi.o)
    0x080005f2   0x080005f2   0x00000016   Code   RO          669    .text               c_w.l(_rserrno.o)
    0x08000608   0x08000608   0x000000b2   Code   RO          671    .text               c_w.l(_printf_intcommon.o)
    0x080006ba   0x080006ba   0x0000041e   Code   RO          673    .text               c_w.l(_printf_fp_dec.o)
    0x08000ad8   0x08000ad8   0x00000030   Code   RO          675    .text               c_w.l(_printf_char_common.o)
    0x08000b08   0x08000b08   0x0000000a   Code   RO          677    .text               c_w.l(_sputc.o)
    0x08000b12   0x08000b12   0x0000002c   Code   RO          679    .text               c_w.l(_printf_char.o)
    0x08000b3e   0x08000b3e   0x00000002   PAD
    0x08000b40   0x08000b40   0x00000008   Code   RO          742    .text               c_w.l(rt_locale_intlibspace.o)
    0x08000b48   0x08000b48   0x00000008   Code   RO          747    .text               c_w.l(rt_errno_addr_intlibspace.o)
    0x08000b50   0x08000b50   0x0000008a   Code   RO          749    .text               c_w.l(lludiv10.o)
    0x08000bda   0x08000bda   0x00000002   PAD
    0x08000bdc   0x08000bdc   0x00000080   Code   RO          751    .text               c_w.l(_printf_fp_infnan.o)
    0x08000c5c   0x08000c5c   0x000000e4   Code   RO          755    .text               c_w.l(bigflt0.o)
    0x08000d40   0x08000d40   0x00000008   Code   RO          791    .text               c_w.l(libspace.o)
    0x08000d48   0x08000d48   0x0000004a   Code   RO          794    .text               c_w.l(sys_stackheap_outer.o)
    0x08000d92   0x08000d92   0x00000012   Code   RO          796    .text               c_w.l(exit.o)
    0x08000da4   0x08000da4   0x00000080   Code   RO          798    .text               c_w.l(strcmpv7m.o)
    0x08000e24   0x08000e24   0x0000000c   Code   RO          874    .text               c_w.l(sys_exit.o)
    0x08000e30   0x08000e30   0x00000002   Code   RO          885    .text               c_w.l(use_no_semi.o)
    0x08000e32   0x08000e32   0x00000000   Code   RO          887    .text               c_w.l(indicate_semi.o)
    0x08000e32   0x08000e32   0x0000003e   Code   RO          758    CL$$btod_d2e        c_w.l(btod.o)
    0x08000e70   0x08000e70   0x00000046   Code   RO          760    CL$$btod_d2e_denorm_low  c_w.l(btod.o)
    0x08000eb6   0x08000eb6   0x00000060   Code   RO          759    CL$$btod_d2e_norm_op1  c_w.l(btod.o)
    0x08000f16   0x08000f16   0x00000338   Code   RO          768    CL$$btod_div_common  c_w.l(btod.o)
    0x0800124e   0x0800124e   0x000000dc   Code   RO          765    CL$$btod_e2e        c_w.l(btod.o)
    0x0800132a   0x0800132a   0x0000002a   Code   RO          762    CL$$btod_ediv       c_w.l(btod.o)
    0x08001354   0x08001354   0x0000002a   Code   RO          761    CL$$btod_emul       c_w.l(btod.o)
    0x0800137e   0x0800137e   0x00000244   Code   RO          767    CL$$btod_mult_common  c_w.l(btod.o)
    0x080015c2   0x080015c2   0x00000002   PAD
    0x080015c4   0x080015c4   0x00000020   Code   RO            4    i.Check_OK          esp8266.o
    0x080015e4   0x080015e4   0x0000002c   Code   RO            5    i.Clear_Buf         esp8266.o
    0x08001610   0x08001610   0x0000001c   Code   RO            6    i.Delay_ms          esp8266.o
    0x0800162c   0x0800162c   0x00000054   Code   RO            7    i.ESP8266_Init      esp8266.o
    0x08001680   0x08001680   0x00000094   Code   RO            8    i.ESP8266_Send_StateAndResult  esp8266.o
    0x08001714   0x08001714   0x0000056c   Code   RO            9    i.ESP8266_Task      esp8266.o
    0x08001c80   0x08001c80   0x00000110   Code   RO          183    i.Execute_Chess_Move  text1.o
    0x08001d90   0x08001d90   0x00000078   Code   RO           10    i.MY_NVIC_Init      esp8266.o
    0x08001e08   0x08001e08   0x00000028   Code   RO           11    i.MY_NVIC_PriorityGroupConfig  esp8266.o
    0x08001e30   0x08001e30   0x0000000e   Code   RO          309    i.Motor_Abs_Int32   motor.o
    0x08001e3e   0x08001e3e   0x0000003a   Code   RO          310    i.Motor_Angle_To_Pulse_With_Remain  motor.o
    0x08001e78   0x08001e78   0x00000078   Code   RO          311    i.Motor_Calc_Trapezoid_ARR  motor.o
    0x08001ef0   0x08001ef0   0x00000078   Code   RO          312    i.Motor_Calc_Trapezoid_ARR_M3  motor.o
    0x08001f68   0x08001f68   0x00000070   Code   RO          314    i.Motor_GPIO_Init   motor.o
    0x08001fd8   0x08001fd8   0x00000028   Code   RO          318    i.Motor_InitAll     motor.o
    0x08002000   0x08002000   0x00000060   Code   RO          319    i.Motor_M1_Rotate   motor.o
    0x08002060   0x08002060   0x00000060   Code   RO          320    i.Motor_M2_Rotate   motor.o
    0x080020c0   0x080020c0   0x00000038   Code   RO          322    i.Motor_M3_RunPulse  motor.o
    0x080020f8   0x080020f8   0x00000032   Code   RO          323    i.Motor_Round_To_Int  motor.o
    0x0800212a   0x0800212a   0x00000002   PAD
    0x0800212c   0x0800212c   0x00000270   Code   RO          324    i.Motor_SendPulse   motor.o
    0x0800239c   0x0800239c   0x00000050   Code   RO          325    i.Motor_StopAll     motor.o
    0x080023ec   0x080023ec   0x000000e8   Code   RO          326    i.Motor_TIM_PWM_Init  motor.o
    0x080024d4   0x080024d4   0x000000e0   Code   RO           12    i.Parse_One_Float   esp8266.o
    0x080025b4   0x080025b4   0x0000005e   Code   RO           13    i.Parse_One_Int     esp8266.o
    0x08002612   0x08002612   0x00000088   Code   RO           14    i.Parse_RobotCmd    esp8266.o
    0x0800269a   0x0800269a   0x0000000a   Code   RO          258    i.Pump_Off          pump_valve.o
    0x080026a4   0x080026a4   0x0000000a   Code   RO          259    i.Pump_On           pump_valve.o
    0x080026ae   0x080026ae   0x00000002   PAD
    0x080026b0   0x080026b0   0x000000bc   Code   RO          260    i.Pump_Valve_PWM_Init  pump_valve.o
    0x0800276c   0x0800276c   0x000000c4   Code   RO          435    i.SCARA_Calc_Movement  ik.o
    0x08002830   0x08002830   0x00000110   Code   RO          436    i.SCARA_IK_Solve_Single  ik.o
    0x08002940   0x08002940   0x00000008   Code   RO          469    i.SetSysClock       system_stm32f10x.o
    0x08002948   0x08002948   0x000000e0   Code   RO          470    i.SetSysClockTo72   system_stm32f10x.o
    0x08002a28   0x08002a28   0x00000018   Code   RO           15    i.SysTick_Handler   esp8266.o
    0x08002a40   0x08002a40   0x00000018   Code   RO           16    i.SysTick_Init      esp8266.o
    0x08002a58   0x08002a58   0x00000060   Code   RO          472    i.SystemInit        system_stm32f10x.o
    0x08002ab8   0x08002ab8   0x00000088   Code   RO          184    i.System_SafeStop   text1.o
    0x08002b40   0x08002b40   0x00000038   Code   RO           17    i.USART1_IRQHandler  esp8266.o
    0x08002b78   0x08002b78   0x000000dc   Code   RO           18    i.USART1_Init       esp8266.o
    0x08002c54   0x08002c54   0x0000002c   Code   RO           19    i.USART1_SendFloat  esp8266.o
    0x08002c80   0x08002c80   0x00000028   Code   RO           20    i.USART1_SendStr    esp8266.o
    0x08002ca8   0x08002ca8   0x0000006c   Code   RO           21    i.USART2_IRQHandler  esp8266.o
    0x08002d14   0x08002d14   0x000000dc   Code   RO           22    i.USART2_Init       esp8266.o
    0x08002df0   0x08002df0   0x00000028   Code   RO           23    i.USART2_SendStr    esp8266.o
    0x08002e18   0x08002e18   0x0000000a   Code   RO          261    i.Valve_Off         pump_valve.o
    0x08002e22   0x08002e22   0x0000000a   Code   RO          262    i.Valve_On          pump_valve.o
    0x08002e2c   0x08002e2c   0x00000028   Code   RO          789    i.__ARM_fpclassify  m_ws.l(fpclassify.o)
    0x08002e54   0x08002e54   0x00000026   Code   RO          697    i.__ARM_fpclassifyf  m_ws.l(fpclassifyf.o)
    0x08002e7a   0x08002e7a   0x00000006   Code   RO          700    i.__mathlib_flt_infnan  m_ws.l(funder.o)
    0x08002e80   0x08002e80   0x00000004   Code   RO          701    i.__mathlib_flt_infnan2  m_ws.l(funder.o)
    0x08002e84   0x08002e84   0x00000008   Code   RO          702    i.__mathlib_flt_invalid  m_ws.l(funder.o)
    0x08002e8c   0x08002e8c   0x0000000a   Code   RO          705    i.__mathlib_flt_underflow  m_ws.l(funder.o)
    0x08002e96   0x08002e96   0x00000002   PAD
    0x08002e98   0x08002e98   0x00000168   Code   RO          713    i.__mathlib_rredf2  m_ws.l(rredf.o)
    0x08003000   0x08003000   0x0000000e   Code   RO          557    i._is_digit         c_w.l(__printf_wp.o)
    0x0800300e   0x0800300e   0x00000002   PAD
    0x08003010   0x08003010   0x0000011c   Code   RO          637    i.acosf             m_ws.l(acosf.o)
    0x0800312c   0x0800312c   0x0000025c   Code   RO          645    i.atan2f            m_ws.l(atan2f.o)
    0x08003388   0x08003388   0x0000017c   Code   RO          653    i.cosf              m_ws.l(cosf.o)
    0x08003504   0x08003504   0x000002ac   Code   RO          185    i.main              text1.o
    0x080037b0   0x080037b0   0x00000188   Code   RO          661    i.sinf              m_ws.l(sinf.o)
    0x08003938   0x08003938   0x000000ec   Code   RO          186    i.sport1            text1.o
    0x08003a24   0x08003a24   0x000000b8   Code   RO          187    i.sport2            text1.o
    0x08003adc   0x08003adc   0x00000070   Code   RO          188    i.sport3            text1.o
    0x08003b4c   0x08003b4c   0x0000002c   Code   RO          717    i.sqrtf             m_ws.l(sqrtf.o)
    0x08003b78   0x08003b78   0x0000002c   Code   RO          781    locale$$code        c_w.l(lc_numeric_c.o)
    0x08003ba4   0x08003ba4   0x00000062   Code   RO          586    x$fpl$d2f           fz_ws.l(d2f.o)
    0x08003c06   0x08003c06   0x00000002   PAD
    0x08003c08   0x08003c08   0x000002b0   Code   RO          589    x$fpl$ddiv          fz_ws.l(ddiv.o)
    0x08003eb8   0x08003eb8   0x00000026   Code   RO          592    x$fpl$dfltu         fz_ws.l(dflt_clz.o)
    0x08003ede   0x08003ede   0x00000002   PAD
    0x08003ee0   0x08003ee0   0x00000154   Code   RO          598    x$fpl$dmul          fz_ws.l(dmul.o)
    0x08004034   0x08004034   0x0000009c   Code   RO          682    x$fpl$dnaninf       fz_ws.l(dnaninf.o)
    0x080040d0   0x080040d0   0x0000000c   Code   RO          684    x$fpl$dretinf       fz_ws.l(dretinf.o)
    0x080040dc   0x080040dc   0x00000056   Code   RO          600    x$fpl$f2d           fz_ws.l(f2d.o)
    0x08004132   0x08004132   0x00000002   PAD
    0x08004134   0x08004134   0x000000c4   Code   RO          602    x$fpl$fadd          fz_ws.l(faddsub_clz.o)
    0x080041f8   0x080041f8   0x0000000c   Code   RO          783    x$fpl$fcheck1       fz_ws.l(fcheck1.o)
    0x08004204   0x08004204   0x00000018   Code   RO          686    x$fpl$fcmpinf       fz_ws.l(fcmpi.o)
    0x0800421c   0x0800421c   0x00000184   Code   RO          609    x$fpl$fdiv          fz_ws.l(fdiv.o)
    0x080043a0   0x080043a0   0x00000068   Code   RO          612    x$fpl$feqf          fz_ws.l(feqf.o)
    0x08004408   0x08004408   0x00000036   Code   RO          614    x$fpl$ffix          fz_ws.l(ffix.o)
    0x0800443e   0x0800443e   0x00000002   PAD
    0x08004440   0x08004440   0x0000003e   Code   RO          618    x$fpl$ffixu         fz_ws.l(ffixu.o)
    0x0800447e   0x0800447e   0x00000002   PAD
    0x08004480   0x08004480   0x00000030   Code   RO          623    x$fpl$fflt          fz_ws.l(fflt_clz.o)
    0x080044b0   0x080044b0   0x00000026   Code   RO          622    x$fpl$ffltu         fz_ws.l(fflt_clz.o)
    0x080044d6   0x080044d6   0x00000002   PAD
    0x080044d8   0x080044d8   0x00000068   Code   RO          628    x$fpl$fleqf         fz_ws.l(fleqf.o)
    0x08004540   0x08004540   0x00000102   Code   RO          630    x$fpl$fmul          fz_ws.l(fmul.o)
    0x08004642   0x08004642   0x0000008c   Code   RO          688    x$fpl$fnaninf       fz_ws.l(fnaninf.o)
    0x080046ce   0x080046ce   0x0000000a   Code   RO          690    x$fpl$fretinf       fz_ws.l(fretinf.o)
    0x080046d8   0x080046d8   0x00000062   Code   RO          632    x$fpl$frleqf        fz_ws.l(frleqf.o)
    0x0800473a   0x0800473a   0x00000002   PAD
    0x0800473c   0x0800473c   0x00000060   Code   RO          692    x$fpl$frnd          fz_ws.l(frnd.o)
    0x0800479c   0x0800479c   0x00000014   Code   RO          603    x$fpl$frsb          fz_ws.l(faddsub_clz.o)
    0x080047b0   0x080047b0   0x00000110   Code   RO          785    x$fpl$fsqrt         fz_ws.l(fsqrt.o)
    0x080048c0   0x080048c0   0x000000ea   Code   RO          604    x$fpl$fsub          fz_ws.l(faddsub_clz.o)
    0x080049aa   0x080049aa   0x00000004   Code   RO          634    x$fpl$printf1       fz_ws.l(printf1.o)
    0x080049ae   0x080049ae   0x00000064   Code   RO          851    x$fpl$retnan        fz_ws.l(retnan.o)
    0x08004a12   0x08004a12   0x0000004c   Code   RO          694    x$fpl$scalbnf       fz_ws.l(scalbnf.o)
    0x08004a5e   0x08004a5e   0x00000030   Code   RO          859    x$fpl$trapveneer    fz_ws.l(trapv.o)
    0x08004a8e   0x08004a8e   0x00000000   Code   RO          696    x$fpl$usenofp       fz_ws.l(usenofp.o)
    0x08004a8e   0x08004a8e   0x00000002   PAD
    0x08004a90   0x08004a90   0x00000060   Data   RO          189    .constdata          text1.o
    0x08004af0   0x08004af0   0x00000028   Data   RO          530    .constdata          c_w.l(_printf_hex_int.o)
    0x08004b18   0x08004b18   0x00000011   Data   RO          560    .constdata          c_w.l(__printf_flags_wp.o)
    0x08004b29   0x08004b29   0x00000003   PAD
    0x08004b2c   0x08004b2c   0x00000020   Data   RO          714    .constdata          m_ws.l(rredf.o)
    0x08004b4c   0x08004b4c   0x00000094   Data   RO          756    .constdata          c_w.l(bigflt0.o)
    0x08004be0   0x08004be0   0x00000020   Data   RO          934    Region$$Table       anon$$obj.o
    0x08004c00   0x08004c00   0x0000001c   Data   RO          780    locale$$data        c_w.l(lc_numeric_c.o)


    Execution Region ER_RW (Exec base: 0x20000000, Load base: 0x08004c1c, Size: 0x00000018, Max: 0xffffffff, ABSOLUTE)

    Exec Addr    Load Addr    Size         Type   Attr      Idx    E Section Name        Object

    0x20000000   0x08004c1c   0x00000008   Data   RW           25    .data               esp8266.o
    0x20000008   0x08004c24   0x00000001   Data   RW          190    .data               text1.o
    0x20000009   0x08004c25   0x00000003   PAD
    0x2000000c   0x08004c28   0x0000000c   Data   RW          327    .data               motor.o


    Execution Region ER_ZI (Exec base: 0x20000018, Load base: 0x08004c34, Size: 0x00000878, Max: 0xffffffff, ABSOLUTE)

    Exec Addr    Load Addr    Size         Type   Attr      Idx    E Section Name        Object

    0x20000018        -       0x00000218   Zero   RW           24    .bss                esp8266.o
    0x20000230        -       0x00000060   Zero   RW          792    .bss                c_w.l(libspace.o)
    0x20000290        -       0x00000200   Zero   RW          460    HEAP                startup_stm32f10x_md.o
    0x20000490        -       0x00000400   Zero   RW          459    STACK               startup_stm32f10x_md.o


==============================================================================

Image component sizes


      Code (inc. data)   RO Data    RW Data    ZI Data      Debug   Object Name

      3114        898          0          8        536     220031   esp8266.o
       468         14          0          0          0       2682   ik.o
      1698        116          0         12          0       9191   motor.o
       228          8          0          0          0       2090   pump_valve.o
        64         26        236          0       1536        796   startup_stm32f10x_md.o
       328         28          0          0          0       2013   system_stm32f10x.o
      1624        628         96          1          0       5173   text1.o

    ----------------------------------------------------------------------
      7528       1718        364         24       2072     241976   Object Totals
         0          0         32          0          0          0   (incl. Generated)
         4          0          0          3          0          0   (incl. Padding)

    ----------------------------------------------------------------------

      Code (inc. data)   RO Data    RW Data    ZI Data      Debug   Library Member Name

         8          0          0          0          0         68   __main.o
       312          4         17          0          0         92   __printf_flags_wp.o
        14          0          0          0          0         68   __printf_wp.o
         0          0          0          0          0          0   __rtentry.o
        12          0          0          0          0          0   __rtentry2.o
         6          0          0          0          0          0   __rtentry4.o
        52          8          0          0          0          0   __scatter.o
        26          0          0          0          0          0   __scatter_copy.o
        28          0          0          0          0          0   __scatter_zi.o
         6          0          0          0          0          0   _printf_c.o
        44          0          0          0          0        108   _printf_char.o
        48          6          0          0          0         96   _printf_char_common.o
         6          0          0          0          0          0   _printf_d.o
       120         16          0          0          0         92   _printf_dec.o
         6          0          0          0          0          0   _printf_f.o
      1054          0          0          0          0        216   _printf_fp_dec.o
       128         16          0          0          0         84   _printf_fp_infnan.o
        88          4         40          0          0         88   _printf_hex_int.o
       178          0          0          0          0         88   _printf_intcommon.o
        78          0          0          0          0        108   _printf_pad.o
         0          0          0          0          0          0   _printf_percent.o
         4          0          0          0          0          0   _printf_percent_end.o
        82          0          0          0          0         80   _printf_str.o
         6          0          0          0          0          0   _printf_x.o
        22          0          0          0          0        100   _rserrno.o
        10          0          0          0          0         68   _sputc.o
       228          4        148          0          0         96   bigflt0.o
      1936        128          0          0          0        672   btod.o
        18          0          0          0          0         80   exit.o
         6          0          0          0          0        152   heapauxi.o
         0          0          0          0          0          0   indicate_semi.o
        44         10         28          0          0         76   lc_numeric_c.o
         2          0          0          0          0          0   libinit.o
        18          0          0          0          0          0   libinit2.o
         2          0          0          0          0          0   libshutdown.o
         2          0          0          0          0          0   libshutdown2.o
         8          4          0          0         96         68   libspace.o
       138          0          0          0          0         80   lludiv10.o
        40          6          0          0          0         84   noretval__2sprintf.o
         8          4          0          0          0         68   rt_errno_addr_intlibspace.o
         8          4          0          0          0         68   rt_locale_intlibspace.o
        78          0          0          0          0         80   rt_memclr_w.o
       100          0          0          0          0         80   rt_memcpy_w.o
         2          0          0          0          0          0   rtexit.o
        10          0          0          0          0          0   rtexit2.o
        20          0          0          0          0         68   strchr.o
       128          0          0          0          0         68   strcmpv7m.o
        62          0          0          0          0         76   strlen.o
        36          0          0          0          0         80   strstr.o
        12          4          0          0          0         68   sys_exit.o
        74          0          0          0          0         80   sys_stackheap_outer.o
         2          0          0          0          0         68   use_no_semi.o
        98          4          0          0          0         92   d2f.o
       688        140          0          0          0        208   ddiv.o
        38          0          0          0          0         68   dflt_clz.o
       340         12          0          0          0        104   dmul.o
       156          4          0          0          0         92   dnaninf.o
        12          0          0          0          0         68   dretinf.o
        86          4          0          0          0         84   f2d.o
       450          8          0          0          0        236   faddsub_clz.o
        12          4          0          0          0         68   fcheck1.o
        24          0          0          0          0         68   fcmpi.o
       388         76          0          0          0         96   fdiv.o
       104          4          0          0          0         84   feqf.o
        54          4          0          0          0         84   ffix.o
        62          4          0          0          0         84   ffixu.o
        86          0          0          0          0        136   fflt_clz.o
       104          4          0          0          0         84   fleqf.o
       258          4          0          0          0         84   fmul.o
       140          4          0          0          0         84   fnaninf.o
        10          0          0          0          0         68   fretinf.o
        98          0          0          0          0         68   frleqf.o
        96          4          0          0          0         76   frnd.o
       272        100          0          0          0         88   fsqrt.o
         4          0          0          0          0         68   printf1.o
       100          0          0          0          0         68   retnan.o
        76          0          0          0          0         68   scalbnf.o
        48          0          0          0          0         68   trapv.o
         0          0          0          0          0          0   usenofp.o
       284         42          0          0          0        120   acosf.o
       604         76          0          0          0        116   atan2f.o
       380         52          0          0          0        124   cosf.o
        40          0          0          0          0         68   fpclassify.o
        38          0          0          0          0         68   fpclassifyf.o
        28          0          0          0          0        272   funder.o
       360         16         32          0          0         88   rredf.o
       392         54          0          0          0        124   sinf.o
        44          0          0          0          0         80   sqrtf.o

    ----------------------------------------------------------------------
     11324        838        268          0         96       6924   Library Totals
        30          0          3          0          0          0   (incl. Padding)

    ----------------------------------------------------------------------

      Code (inc. data)   RO Data    RW Data    ZI Data      Debug   Library Name

      5320        218        233          0         96       3468   c_w.l
      3804        380          0          0          0       2396   fz_ws.l
      2170        240         32          0          0       1060   m_ws.l

    ----------------------------------------------------------------------
     11324        838        268          0         96       6924   Library Totals

    ----------------------------------------------------------------------

==============================================================================


      Code (inc. data)   RO Data    RW Data    ZI Data      Debug   

     18852       2556        632         24       2168     242448   Grand Totals
     18852       2556        632         24       2168     242448   ELF Image Totals
     18852       2556        632         24          0          0   ROM Totals

==============================================================================

    Total RO  Size (Code + RO Data)                19484 (  19.03kB)
    Total RW  Size (RW Data + ZI Data)              2192 (   2.14kB)
    Total ROM Size (Code + RO Data + RW Data)      19508 (  19.05kB)

==============================================================================

